Archive member included to satisfy reference by file (symbol)

liblibs.a(ultrasonico.c.obj)  CMakeFiles/robot.dir/robot.c.obj (ultrasonico_init)
liblibs.a(l298.c.obj)         CMakeFiles/robot.dir/robot.c.obj (motor_init)
liblibs.a(bt.c.obj)           CMakeFiles/robot.dir/robot.c.obj (uart_start)
liblibs.a(actuadores.c.obj)   CMakeFiles/robot.dir/robot.c.obj (actuador_init)
liblibs.a(infrarrojo.c.obj)   CMakeFiles/robot.dir/robot.c.obj (infrarojo_init)
/usr/lib/gcc/arm-none-eabi/8.3.1/thumb/v6-m/nofp/libgcc.a(_dvmd_tls.o)
                              CMakeFiles/robot.dir/home/juan/pico/pico-sdk/src/rp2_common/pico_divider/divider.S.obj (__aeabi_idiv0)
/usr/lib/gcc/arm-none-eabi/8.3.1/../../../arm-none-eabi/lib/thumb/v6-m/nofp/libg.a(lib_a-atexit.o)
                              /usr/lib/gcc/arm-none-eabi/8.3.1/../../../arm-none-eabi/lib/thumb/v6-m/nofp/crt0.o (atexit)
/usr/lib/gcc/arm-none-eabi/8.3.1/../../../arm-none-eabi/lib/thumb/v6-m/nofp/libg.a(lib_a-calloc.o)
                              CMakeFiles/robot.dir/home/juan/pico/pico-sdk/src/rp2_common/pico_malloc/pico_malloc.c.obj (calloc)
/usr/lib/gcc/arm-none-eabi/8.3.1/../../../arm-none-eabi/lib/thumb/v6-m/nofp/libg.a(lib_a-callocr.o)
                              /usr/lib/gcc/arm-none-eabi/8.3.1/../../../arm-none-eabi/lib/thumb/v6-m/nofp/libg.a(lib_a-calloc.o) (_calloc_r)
/usr/lib/gcc/arm-none-eabi/8.3.1/../../../arm-none-eabi/lib/thumb/v6-m/nofp/libg.a(lib_a-fini.o)
                              /usr/lib/gcc/arm-none-eabi/8.3.1/../../../arm-none-eabi/lib/thumb/v6-m/nofp/crt0.o (__libc_fini_array)
/usr/lib/gcc/arm-none-eabi/8.3.1/../../../arm-none-eabi/lib/thumb/v6-m/nofp/libg.a(lib_a-impure.o)
                              /usr/lib/gcc/arm-none-eabi/8.3.1/../../../arm-none-eabi/lib/thumb/v6-m/nofp/libg.a(lib_a-calloc.o) (_impure_ptr)
/usr/lib/gcc/arm-none-eabi/8.3.1/../../../arm-none-eabi/lib/thumb/v6-m/nofp/libg.a(lib_a-init.o)
                              /usr/lib/gcc/arm-none-eabi/8.3.1/../../../arm-none-eabi/lib/thumb/v6-m/nofp/crt0.o (__libc_init_array)
/usr/lib/gcc/arm-none-eabi/8.3.1/../../../arm-none-eabi/lib/thumb/v6-m/nofp/libg.a(lib_a-malloc.o)
                              CMakeFiles/robot.dir/home/juan/pico/pico-sdk/src/rp2_common/pico_malloc/pico_malloc.c.obj (malloc)
/usr/lib/gcc/arm-none-eabi/8.3.1/../../../arm-none-eabi/lib/thumb/v6-m/nofp/libg.a(lib_a-mallocr.o)
                              /usr/lib/gcc/arm-none-eabi/8.3.1/../../../arm-none-eabi/lib/thumb/v6-m/nofp/libg.a(lib_a-callocr.o) (_malloc_r)
/usr/lib/gcc/arm-none-eabi/8.3.1/../../../arm-none-eabi/lib/thumb/v6-m/nofp/libg.a(lib_a-mlock.o)
                              /usr/lib/gcc/arm-none-eabi/8.3.1/../../../arm-none-eabi/lib/thumb/v6-m/nofp/libg.a(lib_a-mallocr.o) (__malloc_lock)
/usr/lib/gcc/arm-none-eabi/8.3.1/../../../arm-none-eabi/lib/thumb/v6-m/nofp/libg.a(lib_a-realloc.o)
                              CMakeFiles/robot.dir/home/juan/pico/pico-sdk/src/rp2_common/pico_malloc/pico_malloc.c.obj (realloc)
/usr/lib/gcc/arm-none-eabi/8.3.1/../../../arm-none-eabi/lib/thumb/v6-m/nofp/libg.a(lib_a-reallocr.o)
                              /usr/lib/gcc/arm-none-eabi/8.3.1/../../../arm-none-eabi/lib/thumb/v6-m/nofp/libg.a(lib_a-realloc.o) (_realloc_r)
/usr/lib/gcc/arm-none-eabi/8.3.1/../../../arm-none-eabi/lib/thumb/v6-m/nofp/libg.a(lib_a-sbrkr.o)
                              /usr/lib/gcc/arm-none-eabi/8.3.1/../../../arm-none-eabi/lib/thumb/v6-m/nofp/libg.a(lib_a-mallocr.o) (_sbrk_r)
/usr/lib/gcc/arm-none-eabi/8.3.1/../../../arm-none-eabi/lib/thumb/v6-m/nofp/libg.a(lib_a-strlen-stub.o)
                              CMakeFiles/robot.dir/home/juan/pico/pico-sdk/src/rp2_common/pico_stdio/stdio.c.obj (strlen)
/usr/lib/gcc/arm-none-eabi/8.3.1/../../../arm-none-eabi/lib/thumb/v6-m/nofp/libg.a(lib_a-__atexit.o)
                              /usr/lib/gcc/arm-none-eabi/8.3.1/../../../arm-none-eabi/lib/thumb/v6-m/nofp/libg.a(lib_a-atexit.o) (__register_exitproc)
/usr/lib/gcc/arm-none-eabi/8.3.1/../../../arm-none-eabi/lib/thumb/v6-m/nofp/libg.a(lib_a-freer.o)
                              /usr/lib/gcc/arm-none-eabi/8.3.1/../../../arm-none-eabi/lib/thumb/v6-m/nofp/libg.a(lib_a-malloc.o) (_free_r)
/usr/lib/gcc/arm-none-eabi/8.3.1/../../../arm-none-eabi/lib/thumb/v6-m/nofp/libg.a(lib_a-memmove.o)
                              /usr/lib/gcc/arm-none-eabi/8.3.1/../../../arm-none-eabi/lib/thumb/v6-m/nofp/libg.a(lib_a-reallocr.o) (memmove)
/usr/lib/gcc/arm-none-eabi/8.3.1/../../../arm-none-eabi/lib/thumb/v6-m/nofp/libg.a(lib_a-reent.o)
                              /usr/lib/gcc/arm-none-eabi/8.3.1/../../../arm-none-eabi/lib/thumb/v6-m/nofp/libg.a(lib_a-sbrkr.o) (errno)

Allocating common symbols
Common symbol       size              file

sf_table            0x100             CMakeFiles/robot.dir/home/juan/pico/pico-sdk/src/rp2_common/pico_float/float_init_rom.c.obj
[...]
Memory Configuration

Name             Origin             Length             Attributes
FLASH            0x10000000         0x00200000         xr
RAM              0x20000000         0x00040000         xrw
SCRATCH_X        0x20040000         0x00001000         xrw
SCRATCH_Y        0x20041000         0x00001000         xrw
*default*        0x00000000         0xffffffff

Linker script and memory map

LOAD /usr/lib/gcc/arm-none-eabi/8.3.1/thumb/v6-m/nofp/crti.o
LOAD /usr/lib/gcc/arm-none-eabi/8.3.1/thumb/v6-m/nofp/crtbegin.o
LOAD /usr/lib/gcc/arm-none-eabi/8.3.1/../../../arm-none-eabi/lib/thumb/v6-m/nofp/crt0.o

.flash_begin    0x10000000        0x0
                0x10000000                __flash_binary_start = .

.boot2          0x10000000      0x100
                0x10000000                __boot2_start__ = .
 *(.boot2)
 .boot2         0x10000000      0x100 /tmp/ccs2XHP1.o
                0x10000100                __boot2_end__ = .
                0x00000001                ASSERT (((__boot2_end__ - __boot2_start__) == 0x100), ERROR: Pico second stage bootloader must be 256 bytes in size)

.text           0x10000100     0x4a60
                0x10000100                __logical_binary_start = .
 *(.vectors)
 .vectors       0x10000100       0xd4 CMakeFiles/robot.dir/home/juan/pico/pico-sdk/src/rp2_common/pico_standard_link/crt0.S.obj
                0x10000100                __vectors
                0x10000100                __VECTOR_TABLE
                0x100001c0                isr_invalid
                0x100001c0                __default_isrs_start
                0x100001c2                isr_nmi
                0x100001c4                isr_hardfault
                0x100001c6                isr_svcall
                0x100001c8                isr_pendsv
                0x100001ca                isr_systick
                0x100001cc                isr_irq30
                0x100001cc                __unhandled_user_irq
                0x100001cc                isr_irq13
                0x100001cc                isr_irq27
                0x100001cc                isr_irq31
                0x100001cc                isr_irq5
                0x100001cc                isr_irq11
                0x100001cc                isr_irq23
                0x100001cc                isr_irq18
                0x100001cc                isr_irq28
                0x100001cc                isr_irq19
                0x100001cc                isr_irq0
                0x100001cc                isr_irq6
                0x100001cc                isr_irq22
                0x100001cc                isr_irq17
                0x100001cc                isr_irq14
                0x100001cc                isr_irq2
                0x100001cc                isr_irq10
                0x100001cc                isr_irq8
                0x100001cc                isr_irq24
                0x100001cc                isr_irq1
                0x100001cc                isr_irq7
                0x100001cc                isr_irq21
                0x100001cc                isr_irq20
                0x100001cc                isr_irq15
                0x100001cc                isr_irq25
                0x100001cc                isr_irq4
                0x100001cc                isr_irq16
                0x100001cc                isr_irq29
                0x100001cc                isr_irq26
                0x100001cc                __default_isrs_end
                0x100001cc                isr_irq3
                0x100001cc                isr_irq12
                0x100001cc                isr_irq9
                0x100001d2                unhandled_user_irq_num_in_r0
 *(.binary_info_header)
 .binary_info_header
                0x100001d4       0x14 CMakeFiles/robot.dir/home/juan/pico/pico-sdk/src/rp2_common/pico_standard_link/crt0.S.obj
                0x100001e8                __binary_info_header_end = .
 *(.reset)
 .reset         0x100001e8       0xa0 CMakeFiles/robot.dir/home/juan/pico/pico-sdk/src/rp2_common/pico_standard_link/crt0.S.obj
                0x100001e8                _entry_point
 .reset         0x10000288       0x30 CMakeFiles/robot.dir/home/juan/pico/pico-sdk/src/rp2_common/pico_standard_link/binary_info.c.obj
 *(.init)
 .init          0x100002b8        0x4 /usr/lib/gcc/arm-none-eabi/8.3.1/thumb/v6-m/nofp/crti.o
                0x100002b8                _init
 *(EXCLUDE_FILE(*libm.a: *libc.a:*lib_a-mem*.o *libgcc.a:) .text*)
 .text          0x100002bc       0x98 /usr/lib/gcc/arm-none-eabi/8.3.1/thumb/v6-m/nofp/crtbegin.o
 .text.modo_init
                0x10000354       0x34 CMakeFiles/robot.dir/robot.c.obj
                0x10000354                modo_init
 .text.modo_sumo
                0x10000388       0xdc CMakeFiles/robot.dir/robot.c.obj
                0x10000388                modo_sumo
 .text.main     0x10000464       0x9c CMakeFiles/robot.dir/robot.c.obj
                0x10000464                main
 .text.gpio_set_function
                0x10000500       0x30 CMakeFiles/robot.dir/home/juan/pico/pico-sdk/src/rp2_common/hardware_gpio/gpio.c.obj
                0x10000500                gpio_set_function
 .text.gpio_init
                0x10000530       0x16 CMakeFiles/robot.dir/home/juan/pico/pico-sdk/src/rp2_common/hardware_gpio/gpio.c.obj
                0x10000530                gpio_init
 *fill*         0x10000546        0x2 
 .text.running_on_fpga
                0x10000548       0x14 CMakeFiles/robot.dir/home/juan/pico/pico-sdk/src/rp2_common/pico_platform/platform.c.obj
                0x10000548                running_on_fpga
 .text.hw_claim_lock
                0x1000055c       0x18 CMakeFiles/robot.dir/home/juan/pico/pico-sdk/src/rp2_common/hardware_claim/claim.c.obj
                0x1000055c                hw_claim_lock
 .text.hw_claim_unlock
                0x10000574       0x14 CMakeFiles/robot.dir/home/juan/pico/pico-sdk/src/rp2_common/hardware_claim/claim.c.obj
                0x10000574                hw_claim_unlock
 .text.hw_claim_or_assert
                0x10000588       0x32 CMakeFiles/robot.dir/home/juan/pico/pico-sdk/src/rp2_common/hardware_claim/claim.c.obj
                0x10000588                hw_claim_or_assert
 *fill*         0x100005ba        0x2 
 .text.spin_locks_reset
                0x100005bc       0x20 CMakeFiles/robot.dir/home/juan/pico/pico-sdk/src/rp2_common/hardware_sync/sync.c.obj
                0x100005bc                spin_locks_reset
 .text.next_striped_spin_lock_num
                0x100005dc       0x1c CMakeFiles/robot.dir/home/juan/pico/pico-sdk/src/rp2_common/hardware_sync/sync.c.obj
                0x100005dc                next_striped_spin_lock_num
 .text.set_raw_irq_handler_and_unlock
                0x100005f8       0x28 CMakeFiles/robot.dir/home/juan/pico/pico-sdk/src/rp2_common/hardware_irq/irq.c.obj
 .text.make_branch
                0x10000620       0x48 CMakeFiles/robot.dir/home/juan/pico/pico-sdk/src/rp2_common/hardware_irq/irq.c.obj
 .text.insert_branch_and_link
                0x10000668       0x40 CMakeFiles/robot.dir/home/juan/pico/pico-sdk/src/rp2_common/hardware_irq/irq.c.obj
 .text.irq_is_enabled
                0x100006a8       0x18 CMakeFiles/robot.dir/home/juan/pico/pico-sdk/src/rp2_common/hardware_irq/irq.c.obj
                0x100006a8                irq_is_enabled
 .text.irq_set_mask_enabled
                0x100006c0       0x20 CMakeFiles/robot.dir/home/juan/pico/pico-sdk/src/rp2_common/hardware_irq/irq.c.obj
                0x100006c0                irq_set_mask_enabled
 .text.irq_set_enabled
                0x100006e0        0xe CMakeFiles/robot.dir/home/juan/pico/pico-sdk/src/rp2_common/hardware_irq/irq.c.obj
                0x100006e0                irq_set_enabled
 *fill*         0x100006ee        0x2 
 .text.irq_get_vtable_handler
                0x100006f0       0x10 CMakeFiles/robot.dir/home/juan/pico/pico-sdk/src/rp2_common/hardware_irq/irq.c.obj
                0x100006f0                irq_get_vtable_handler
 .text.irq_set_exclusive_handler
                0x10000700       0x54 CMakeFiles/robot.dir/home/juan/pico/pico-sdk/src/rp2_common/hardware_irq/irq.c.obj
                0x10000700                irq_set_exclusive_handler
 .text.irq_remove_handler
                0x10000754      0x1a4 CMakeFiles/robot.dir/home/juan/pico/pico-sdk/src/rp2_common/hardware_irq/irq.c.obj
                0x10000754                irq_remove_handler
 .text.irq_add_tail_to_free_list
                0x100008f8       0xf0 CMakeFiles/robot.dir/home/juan/pico/pico-sdk/src/rp2_common/hardware_irq/irq.c.obj
                0x100008f8                irq_add_tail_to_free_list
 .text.irq_init_priorities
                0x100009e8       0x1c CMakeFiles/robot.dir/home/juan/pico/pico-sdk/src/rp2_common/hardware_irq/irq.c.obj
                0x100009e8                irq_init_priorities
 .text.lock_init
                0x10000a04       0x10 CMakeFiles/robot.dir/home/juan/pico/pico-sdk/src/common/pico_sync/lock_core.c.obj
                0x10000a04                lock_init
 .text.mutex_init
                0x10000a14       0x1a CMakeFiles/robot.dir/home/juan/pico/pico-sdk/src/common/pico_sync/mutex.c.obj
                0x10000a14                mutex_init
 .text.recursive_mutex_init
                0x10000a2e       0x1e CMakeFiles/robot.dir/home/juan/pico/pico-sdk/src/common/pico_sync/mutex.c.obj
                0x10000a2e                recursive_mutex_init
 .text.sleep_until_callback
                0x10000a4c       0x30 CMakeFiles/robot.dir/home/juan/pico/pico-sdk/src/common/pico_time/time.c.obj
 .text.alarm_pool_post_alloc_init
                0x10000a7c       0x40 CMakeFiles/robot.dir/home/juan/pico/pico-sdk/src/common/pico_time/time.c.obj
 .text.timer_pool_entry_comparator
                0x10000abc       0x7c CMakeFiles/robot.dir/home/juan/pico/pico-sdk/src/common/pico_time/time.c.obj
                0x10000abc                timer_pool_entry_comparator
 .text.ph_add_child_node
                0x10000b38       0xa4 CMakeFiles/robot.dir/home/juan/pico/pico-sdk/src/common/pico_time/time.c.obj
 .text.ph_merge_nodes
                0x10000bdc       0x3e CMakeFiles/robot.dir/home/juan/pico/pico-sdk/src/common/pico_time/time.c.obj
 *fill*         0x10000c1a        0x2 
 .text.add_alarm_under_lock
                0x10000c1c      0x180 CMakeFiles/robot.dir/home/juan/pico/pico-sdk/src/common/pico_time/time.c.obj
 .text.alarm_pool_alarm_callback
                0x10000d9c      0x33c CMakeFiles/robot.dir/home/juan/pico/pico-sdk/src/common/pico_time/time.c.obj
 .text.alarm_pool_init_default
                0x100010d8       0x40 CMakeFiles/robot.dir/home/juan/pico/pico-sdk/src/common/pico_time/time.c.obj
                0x100010d8                alarm_pool_init_default
 .text.alarm_pool_get_default
                0x10001118       0x2c CMakeFiles/robot.dir/home/juan/pico/pico-sdk/src/common/pico_time/time.c.obj
                0x10001118                alarm_pool_get_default
 .text.alarm_pool_add_alarm_at
                0x10001144      0x14c CMakeFiles/robot.dir/home/juan/pico/pico-sdk/src/common/pico_time/time.c.obj
                0x10001144                alarm_pool_add_alarm_at
 .text.alarm_pool_cancel_alarm
                0x10001290       0xec CMakeFiles/robot.dir/home/juan/pico/pico-sdk/src/common/pico_time/time.c.obj
                0x10001290                alarm_pool_cancel_alarm
 .text.sleep_until
                0x1000137c       0xf8 CMakeFiles/robot.dir/home/juan/pico/pico-sdk/src/common/pico_time/time.c.obj
                0x1000137c                sleep_until
 .text.sleep_us
                0x10001474       0x50 CMakeFiles/robot.dir/home/juan/pico/pico-sdk/src/common/pico_time/time.c.obj
                0x10001474                sleep_us
 .text.sleep_ms
                0x100014c4       0x14 CMakeFiles/robot.dir/home/juan/pico/pico-sdk/src/common/pico_time/time.c.obj
                0x100014c4                sleep_ms
 .text.best_effort_wfe_or_timeout
                0x100014d8       0xac CMakeFiles/robot.dir/home/juan/pico/pico-sdk/src/common/pico_time/time.c.obj
                0x100014d8                best_effort_wfe_or_timeout
 .text.hardware_alarm_irq_handler
                0x10001584       0x90 CMakeFiles/robot.dir/home/juan/pico/pico-sdk/src/rp2_common/hardware_timer/timer.c.obj
 .text.hardware_alarm_claim
                0x10001614       0x18 CMakeFiles/robot.dir/home/juan/pico/pico-sdk/src/rp2_common/hardware_timer/timer.c.obj
                0x10001614                hardware_alarm_claim
 .text.time_us_64
                0x1000162c       0x18 CMakeFiles/robot.dir/home/juan/pico/pico-sdk/src/rp2_common/hardware_timer/timer.c.obj
                0x1000162c                time_us_64
 .text.busy_wait_until
                0x10001644       0x24 CMakeFiles/robot.dir/home/juan/pico/pico-sdk/src/rp2_common/hardware_timer/timer.c.obj
                0x10001644                busy_wait_until
 .text.hardware_alarm_set_callback
                0x10001668       0x90 CMakeFiles/robot.dir/home/juan/pico/pico-sdk/src/rp2_common/hardware_timer/timer.c.obj
                0x10001668                hardware_alarm_set_callback
 .text.hardware_alarm_set_target
                0x100016f8       0xe8 CMakeFiles/robot.dir/home/juan/pico/pico-sdk/src/rp2_common/hardware_timer/timer.c.obj
                0x100016f8                hardware_alarm_set_target
 .text.hardware_alarm_cancel
                0x100017e0       0x40 CMakeFiles/robot.dir/home/juan/pico/pico-sdk/src/rp2_common/hardware_timer/timer.c.obj
                0x100017e0                hardware_alarm_cancel
 .text.ph_add_child_node
                0x10001820       0xa4 CMakeFiles/robot.dir/home/juan/pico/pico-sdk/src/common/pico_util/pheap.c.obj
 .text.ph_merge_nodes
                0x100018c4       0x3e CMakeFiles/robot.dir/home/juan/pico/pico-sdk/src/common/pico_util/pheap.c.obj
 *fill*         0x10001902        0x2 
 .text.ph_clear
                0x10001904       0x70 CMakeFiles/robot.dir/home/juan/pico/pico-sdk/src/common/pico_util/pheap.c.obj
                0x10001904                ph_clear
 .text.ph_post_alloc_init
                0x10001974        0xe CMakeFiles/robot.dir/home/juan/pico/pico-sdk/src/common/pico_util/pheap.c.obj
                0x10001974                ph_post_alloc_init
 *fill*         0x10001982        0x2 
 .text.ph_merge_two_pass
                0x10001984       0xac CMakeFiles/robot.dir/home/juan/pico/pico-sdk/src/common/pico_util/pheap.c.obj
                0x10001984                ph_merge_two_pass
 .text.ph_remove_any_head
                0x10001a30      0x128 CMakeFiles/robot.dir/home/juan/pico/pico-sdk/src/common/pico_util/pheap.c.obj
 .text.ph_remove_head
                0x10001b58       0x14 CMakeFiles/robot.dir/home/juan/pico/pico-sdk/src/common/pico_util/pheap.c.obj
                0x10001b58                ph_remove_head
 .text.ph_remove_and_free_node
                0x10001b6c       0xf8 CMakeFiles/robot.dir/home/juan/pico/pico-sdk/src/common/pico_util/pheap.c.obj
                0x10001b6c                ph_remove_and_free_node
 .text.uart_set_baudrate
                0x10001c64       0x5c CMakeFiles/robot.dir/home/juan/pico/pico-sdk/src/rp2_common/hardware_uart/uart.c.obj
                0x10001c64                uart_set_baudrate
 .text.uart_set_translate_crlf
                0x10001cc0       0x28 CMakeFiles/robot.dir/home/juan/pico/pico-sdk/src/rp2_common/hardware_uart/uart.c.obj
                0x10001cc0                uart_set_translate_crlf
 .text.uart_init
                0x10001ce8       0x80 CMakeFiles/robot.dir/home/juan/pico/pico-sdk/src/rp2_common/hardware_uart/uart.c.obj
                0x10001ce8                uart_init
 .text.clock_configure
                0x10001d68       0xfc CMakeFiles/robot.dir/home/juan/pico/pico-sdk/src/rp2_common/hardware_clocks/clocks.c.obj
                0x10001d68                clock_configure
 .text.clocks_init
                0x10001e64      0x100 CMakeFiles/robot.dir/home/juan/pico/pico-sdk/src/rp2_common/hardware_clocks/clocks.c.obj
                0x10001e64                clocks_init
 .text.clock_get_hz
                0x10001f64        0xc CMakeFiles/robot.dir/home/juan/pico/pico-sdk/src/rp2_common/hardware_clocks/clocks.c.obj
                0x10001f64                clock_get_hz
 .text.pll_init
                0x10001f70      0x128 CMakeFiles/robot.dir/home/juan/pico/pico-sdk/src/rp2_common/hardware_pll/pll.c.obj
                0x10001f70                pll_init
 .text.watchdog_start_tick
                0x10002098       0x10 CMakeFiles/robot.dir/home/juan/pico/pico-sdk/src/rp2_common/hardware_watchdog/watchdog.c.obj
                0x10002098                watchdog_start_tick
 .text.xosc_init
                0x100020a8       0x28 CMakeFiles/robot.dir/home/juan/pico/pico-sdk/src/rp2_common/hardware_xosc/xosc.c.obj
                0x100020a8                xosc_init
 .text._exit    0x100020d0        0x4 CMakeFiles/robot.dir/home/juan/pico/pico-sdk/src/rp2_common/pico_runtime/runtime.c.obj
                0x100020d0                _exit
 .text.exit     0x100020d4        0x6 CMakeFiles/robot.dir/home/juan/pico/pico-sdk/src/rp2_common/pico_runtime/runtime.c.obj
                0x100020d4                exit
 *fill*         0x100020da        0x2 
 .text.__assert_func
                0x100020dc       0x3c CMakeFiles/robot.dir/home/juan/pico/pico-sdk/src/rp2_common/pico_runtime/runtime.c.obj
                0x100020dc                __assert_func
 .text.runtime_init
                0x10002118       0xf8 CMakeFiles/robot.dir/home/juan/pico/pico-sdk/src/rp2_common/pico_runtime/runtime.c.obj
                0x10002118                runtime_init
 .text.panic    0x10002210       0x30 CMakeFiles/robot.dir/home/juan/pico/pico-sdk/src/rp2_common/pico_runtime/runtime.c.obj
                0x10002210                panic
 .text._out_null
                0x10002240        0x2 CMakeFiles/robot.dir/home/juan/pico/pico-sdk/src/rp2_common/pico_printf/printf.c.obj
 .text._out_fct
                0x10002242        0xe CMakeFiles/robot.dir/home/juan/pico/pico-sdk/src/rp2_common/pico_printf/printf.c.obj
 .text._atoi    0x10002250       0x28 CMakeFiles/robot.dir/home/juan/pico/pico-sdk/src/rp2_common/pico_printf/printf.c.obj
 .text._out_rev
                0x10002278       0x8c CMakeFiles/robot.dir/home/juan/pico/pico-sdk/src/rp2_common/pico_printf/printf.c.obj
 .text._ntoa_format
                0x10002304      0x10c CMakeFiles/robot.dir/home/juan/pico/pico-sdk/src/rp2_common/pico_printf/printf.c.obj
 .text._ntoa_long
                0x10002410       0xb0 CMakeFiles/robot.dir/home/juan/pico/pico-sdk/src/rp2_common/pico_printf/printf.c.obj
 .text._ntoa_long_long
                0x100024c0       0xe6 CMakeFiles/robot.dir/home/juan/pico/pico-sdk/src/rp2_common/pico_printf/printf.c.obj
 *fill*         0x100025a6        0x2 
 .text._etoa    0x100025a8      0x408 CMakeFiles/robot.dir/home/juan/pico/pico-sdk/src/rp2_common/pico_printf/printf.c.obj
 .text._ftoa    0x100029b0      0x344 CMakeFiles/robot.dir/home/juan/pico/pico-sdk/src/rp2_common/pico_printf/printf.c.obj
 .text._vsnprintf
                0x10002cf4      0x61c CMakeFiles/robot.dir/home/juan/pico/pico-sdk/src/rp2_common/pico_printf/printf.c.obj
 .text.vfctprintf
                0x10003310       0x20 CMakeFiles/robot.dir/home/juan/pico/pico-sdk/src/rp2_common/pico_printf/printf.c.obj
                0x10003310                vfctprintf
 .text          0x10003330       0x10 CMakeFiles/robot.dir/home/juan/pico/pico-sdk/src/rp2_common/pico_bit_ops/bit_ops_aeabi.S.obj
 .text.rom_func_lookup
                0x10003340       0x10 CMakeFiles/robot.dir/home/juan/pico/pico-sdk/src/rp2_common/pico_bootrom/bootrom.c.obj
                0x10003340                rom_func_lookup
 .text.rom_data_lookup
                0x10003350       0x10 CMakeFiles/robot.dir/home/juan/pico/pico-sdk/src/rp2_common/pico_bootrom/bootrom.c.obj
                0x10003350                rom_data_lookup
 .text.rom_funcs_lookup
                0x10003360       0x36 CMakeFiles/robot.dir/home/juan/pico/pico-sdk/src/rp2_common/pico_bootrom/bootrom.c.obj
                0x10003360                rom_funcs_lookup
 *fill*         0x10003396        0x2 
 .text.__wrap___aeabi_idiv
                0x10003398       0x50 CMakeFiles/robot.dir/home/juan/pico/pico-sdk/src/rp2_common/pico_divider/divider.S.obj
                0x10003398                __wrap___aeabi_idivmod
                0x10003398                divmod_s32s32
                0x10003398                div_s32s32
                0x10003398                __wrap___aeabi_idiv
                0x100033a0                divmod_s32s32_unsafe
                0x100033cc                divmod_s32s32_savestate
 .text.__wrap___aeabi_uidiv
                0x100033e8       0x4c CMakeFiles/robot.dir/home/juan/pico/pico-sdk/src/rp2_common/pico_divider/divider.S.obj
                0x100033e8                __wrap___aeabi_uidiv
                0x100033e8                __wrap___aeabi_uidivmod
                0x100033e8                div_u32u32
                0x100033e8                divmod_u32u32
                0x100033f0                divmod_u32u32_unsafe
                0x10003418                divmod_u32u32_savestate
 .text.__wrap___aeabi_ldiv
                0x10003434      0x424 CMakeFiles/robot.dir/home/juan/pico/pico-sdk/src/rp2_common/pico_divider/divider.S.obj
                0x10003434                div_s64s64
                0x10003434                divmod_s64s64
                0x10003434                __wrap___aeabi_ldivmod
                0x10003464                div_u64u64
                0x10003464                divmod_u64u64
                0x10003464                __wrap___aeabi_uldivmod
                0x10003474                divmod_u64u64_savestate
                0x10003494                divmod_s64s64_unsafe
                0x1000351c                divmod_u64u64_unsafe
 .text.__wrap___aeabi_darithmetic
                0x10003858       0x80 CMakeFiles/robot.dir/home/juan/pico/pico-sdk/src/rp2_common/pico_double/double_aeabi.S.obj
                0x10003858                __wrap___aeabi_drsub
                0x1000385e                __wrap___aeabi_dsub
                0x10003870                __wrap___aeabi_dadd
                0x10003882                __wrap___aeabi_ddiv
                0x100038be                __wrap___aeabi_dmul
 .text.__wrap___aeabi_cdcmple
                0x100038d8       0x6c CMakeFiles/robot.dir/home/juan/pico/pico-sdk/src/rp2_common/pico_double/double_aeabi.S.obj
                0x100038d8                __wrap___aeabi_cdrcmple
                0x100038e8                __wrap___aeabi_cdcmple
                0x100038e8                __wrap___aeabi_cdcmpeq
 .text.__wrap___aeabi_dcmplt
                0x10003944        0xc CMakeFiles/robot.dir/home/juan/pico/pico-sdk/src/rp2_common/pico_double/double_aeabi.S.obj
                0x10003944                __wrap___aeabi_dcmplt
 .text.__wrap___aeabi_dcmple
                0x10003950       0x10 CMakeFiles/robot.dir/home/juan/pico/pico-sdk/src/rp2_common/pico_double/double_aeabi.S.obj
                0x10003950                __wrap___aeabi_dcmple
 .text.__wrap___aeabi_dcmpge
                0x10003960       0x10 CMakeFiles/robot.dir/home/juan/pico/pico-sdk/src/rp2_common/pico_double/double_aeabi.S.obj
                0x10003960                __wrap___aeabi_dcmpge
 .text.__wrap___aeabi_dcmpgt
                0x10003970        0xa CMakeFiles/robot.dir/home/juan/pico/pico-sdk/src/rp2_common/pico_double/double_aeabi.S.obj
                0x10003970                __wrap___aeabi_dcmpgt
 .text.__wrap___aeabi_dcmpun
                0x1000397a       0x1c CMakeFiles/robot.dir/home/juan/pico/pico-sdk/src/rp2_common/pico_double/double_aeabi.S.obj
                0x1000397a                __wrap___aeabi_dcmpun
 *fill*         0x10003996        0x2 
 .text.__wrap___aeabi_i2d
                0x10003998       0x38 CMakeFiles/robot.dir/home/juan/pico/pico-sdk/src/rp2_common/pico_double/double_aeabi.S.obj
                0x10003998                __wrap___aeabi_ui2d
                0x100039a0                __wrap___aeabi_i2d
 .text.__wrap___aeabi_d2iz
                0x100039d0       0x48 CMakeFiles/robot.dir/home/juan/pico/pico-sdk/src/rp2_common/pico_double/double_aeabi.S.obj
                0x100039d0                __wrap___aeabi_d2iz
                0x100039d0                double2int_z
 .text.__wrap___aeabi_d2uiz
                0x10003a18       0x18 CMakeFiles/robot.dir/home/juan/pico/pico-sdk/src/rp2_common/pico_double/double_aeabi.S.obj
                0x10003a18                double2uint
                0x10003a18                __wrap___aeabi_d2uiz
 .text.__aeabi_double_init
                0x10003a30       0xc8 CMakeFiles/robot.dir/home/juan/pico/pico-sdk/src/rp2_common/pico_double/double_init_rom.c.obj
                0x10003a30                __aeabi_double_init
 .text.double_table_shim_on_use_helper
                0x10003af8       0x34 CMakeFiles/robot.dir/home/juan/pico/pico-sdk/src/rp2_common/pico_double/double_v1_rom_shim.S.obj
                0x10003af8                double_table_shim_on_use_helper
 .text.__wrap___aeabi_dsub
                0x10003b2c       0x10 CMakeFiles/robot.dir/home/juan/pico/pico-sdk/src/rp2_common/pico_double/double_v1_rom_shim.S.obj
                0x10003b2c                drsub_shim
                0x10003b32                dsub_shim
 .text.dadd_shim
                0x10003b3c      0x15c CMakeFiles/robot.dir/home/juan/pico/pico-sdk/src/rp2_common/pico_double/double_v1_rom_shim.S.obj
                0x10003b3c                dadd_shim
 .text.dmul_shim
                0x10003c98      0x15c CMakeFiles/robot.dir/home/juan/pico/pico-sdk/src/rp2_common/pico_double/double_v1_rom_shim.S.obj
                0x10003c98                dmul_shim
 .text.ddiv_shim
                0x10003df4      0x1b0 CMakeFiles/robot.dir/home/juan/pico/pico-sdk/src/rp2_common/pico_double/double_v1_rom_shim.S.obj
                0x10003df4                ddiv_shim
 .text.double2uint_shim
                0x10003fa4        0xe CMakeFiles/robot.dir/home/juan/pico/pico-sdk/src/rp2_common/pico_double/double_v1_rom_shim.S.obj
                0x10003fa4                double2uint_shim
                0x10003fa6                double2ufix_shim
 *fill*         0x10003fb2        0x2 
 .text.double2uint64_shim
                0x10003fb4       0x70 CMakeFiles/robot.dir/home/juan/pico/pico-sdk/src/rp2_common/pico_double/double_v1_rom_shim.S.obj
                0x10003fb4                double2uint64_shim
                0x10003fb6                double2ufix64_shim
                0x10003fd6                d2fix_a
 .text.dunpacks
                0x10004024       0x3c CMakeFiles/robot.dir/home/juan/pico/pico-sdk/src/rp2_common/pico_double/double_v1_rom_shim.S.obj
                0x10004024                dunpacks
 .text.__aeabi_lmul
                0x10004060       0x32 CMakeFiles/robot.dir/home/juan/pico/pico-sdk/src/rp2_common/pico_int64_ops/pico_int64_ops_aeabi.S.obj
                0x10004060                __wrap___aeabi_lmul
 *fill*         0x10004092        0x2 
 .text.__aeabi_float_init
                0x10004094       0xfc CMakeFiles/robot.dir/home/juan/pico/pico-sdk/src/rp2_common/pico_float/float_init_rom.c.obj
                0x10004094                __aeabi_float_init
 .text.float_table_shim_on_use_helper
                0x10004190       0x34 CMakeFiles/robot.dir/home/juan/pico/pico-sdk/src/rp2_common/pico_float/float_v1_rom_shim.S.obj
                0x10004190                float_table_shim_on_use_helper
 .text          0x100041c4       0x10 CMakeFiles/robot.dir/home/juan/pico/pico-sdk/src/rp2_common/pico_mem_ops/mem_ops_aeabi.S.obj
                0x100041c4                __aeabi_mem_init
 .text.memcpy   0x100041d4        0xc CMakeFiles/robot.dir/home/juan/pico/pico-sdk/src/rp2_common/pico_mem_ops/mem_ops_aeabi.S.obj
                0x100041d4                __wrap___aeabi_memcpy
                0x100041d4                __wrap_memcpy
 .text.stdio_out_chars_no_crlf
                0x100041e0        0xe CMakeFiles/robot.dir/home/juan/pico/pico-sdk/src/rp2_common/pico_stdio/stdio.c.obj
 *fill*         0x100041ee        0x2 
 .text.stdio_out_chars_crlf
                0x100041f0       0x80 CMakeFiles/robot.dir/home/juan/pico/pico-sdk/src/rp2_common/pico_stdio/stdio.c.obj
 .text.stdio_stack_buffer_flush
                0x10004270       0x44 CMakeFiles/robot.dir/home/juan/pico/pico-sdk/src/rp2_common/pico_stdio/stdio.c.obj
 .text.stdio_buffered_printer
                0x100042b4       0x20 CMakeFiles/robot.dir/home/juan/pico/pico-sdk/src/rp2_common/pico_stdio/stdio.c.obj
 .text.stdout_serialize_begin
                0x100042d4       0x5c CMakeFiles/robot.dir/home/juan/pico/pico-sdk/src/rp2_common/pico_stdio/stdio.c.obj
                0x100042d4                stdout_serialize_begin
 .text.stdout_serialize_end
                0x10004330       0x10 CMakeFiles/robot.dir/home/juan/pico/pico-sdk/src/rp2_common/pico_stdio/stdio.c.obj
                0x10004330                stdout_serialize_end
 .text.stdio_put_string
                0x10004340       0x94 CMakeFiles/robot.dir/home/juan/pico/pico-sdk/src/rp2_common/pico_stdio/stdio.c.obj
 .text.stdio_set_driver_enabled
                0x100043d4       0x2c CMakeFiles/robot.dir/home/juan/pico/pico-sdk/src/rp2_common/pico_stdio/stdio.c.obj
                0x100043d4                stdio_set_driver_enabled
 .text.stdio_flush
                0x10004400       0x20 CMakeFiles/robot.dir/home/juan/pico/pico-sdk/src/rp2_common/pico_stdio/stdio.c.obj
                0x10004400                stdio_flush
 .text.__wrap_puts
                0x10004420       0x1e CMakeFiles/robot.dir/home/juan/pico/pico-sdk/src/rp2_common/pico_stdio/stdio.c.obj
                0x10004420                __wrap_puts
 *fill*         0x1000443e        0x2 
 .text.__wrap_vprintf
                0x10004440       0x40 CMakeFiles/robot.dir/home/juan/pico/pico-sdk/src/rp2_common/pico_stdio/stdio.c.obj
                0x10004440                __wrap_vprintf
 .text.__wrap_printf
                0x10004480       0x18 CMakeFiles/robot.dir/home/juan/pico/pico-sdk/src/rp2_common/pico_stdio/stdio.c.obj
                0x10004480                __wrap_printf
 .text.stdio_init_all
                0x10004498        0xa CMakeFiles/robot.dir/home/juan/pico/pico-sdk/src/rp2_common/pico_stdio/stdio.c.obj
                0x10004498                stdio_init_all
 *fill*         0x100044a2        0x2 
 .text.stdio_uart_out_chars
                0x100044a4       0x74 CMakeFiles/robot.dir/home/juan/pico/pico-sdk/src/rp2_common/pico_stdio_uart/stdio_uart.c.obj
 .text.stdio_uart_in_chars
                0x10004518       0x78 CMakeFiles/robot.dir/home/juan/pico/pico-sdk/src/rp2_common/pico_stdio_uart/stdio_uart.c.obj
                0x10004518                stdio_uart_in_chars
 .text.on_uart_rx
                0x10004590       0x28 CMakeFiles/robot.dir/home/juan/pico/pico-sdk/src/rp2_common/pico_stdio_uart/stdio_uart.c.obj
 .text.stdio_uart_set_chars_available_callback
                0x100045b8       0x8c CMakeFiles/robot.dir/home/juan/pico/pico-sdk/src/rp2_common/pico_stdio_uart/stdio_uart.c.obj
 .text.stdio_uart_init_full
                0x10004644       0x44 CMakeFiles/robot.dir/home/juan/pico/pico-sdk/src/rp2_common/pico_stdio_uart/stdio_uart.c.obj
                0x10004644                stdio_uart_init_full
 .text.stdio_uart_init
                0x10004688       0x28 CMakeFiles/robot.dir/home/juan/pico/pico-sdk/src/rp2_common/pico_stdio_uart/stdio_uart.c.obj
                0x10004688                stdio_uart_init
 .text.ultrasonico_init
                0x100046b0       0x2e liblibs.a(ultrasonico.c.obj)
                0x100046b0                ultrasonico_init
 *fill*         0x100046de        0x2 
 .text.motor_init
                0x100046e0       0xd8 liblibs.a(l298.c.obj)
                0x100046e0                motor_init
 .text.motor_forward
                0x100047b8       0x68 liblibs.a(l298.c.obj)
                0x100047b8                motor_forward
 .text.motor_reverse
                0x10004820       0x68 liblibs.a(l298.c.obj)
                0x10004820                motor_reverse
 .text.motor_forward_partial
                0x10004888       0x84 liblibs.a(l298.c.obj)
                0x10004888                motor_forward_partial
 .text.motor_reverse_partial
                0x1000490c       0x84 liblibs.a(l298.c.obj)
                0x1000490c                motor_reverse_partial
 .text.motor_stop
                0x10004990        0xe liblibs.a(l298.c.obj)
                0x10004990                motor_stop
 .text.ir_hacia_adelante
                0x1000499e       0x14 liblibs.a(l298.c.obj)
                0x1000499e                ir_hacia_adelante
 .text.ir_hacia_atras
                0x100049b2       0x14 liblibs.a(l298.c.obj)
                0x100049b2                ir_hacia_atras
 .text.girar_a_la_derecha
                0x100049c6       0x14 liblibs.a(l298.c.obj)
                0x100049c6                girar_a_la_derecha
 .text.girar_a_la_izquierda
                0x100049da       0x16 liblibs.a(l298.c.obj)
                0x100049da                girar_a_la_izquierda
 .text.doblar_a_la_derecha
                0x100049f0       0x16 liblibs.a(l298.c.obj)
                0x100049f0                doblar_a_la_derecha
 .text.doblar_a_la_izquierda
                0x10004a06       0x18 liblibs.a(l298.c.obj)
                0x10004a06                doblar_a_la_izquierda
 .text.atras_a_la_derecha
                0x10004a1e       0x16 liblibs.a(l298.c.obj)
                0x10004a1e                atras_a_la_derecha
 .text.atras_a_la_izquierda
                0x10004a34       0x18 liblibs.a(l298.c.obj)
                0x10004a34                atras_a_la_izquierda
 .text.full_stop
                0x10004a4c       0x14 liblibs.a(l298.c.obj)
                0x10004a4c                full_stop
 .text.uart_start
                0x10004a60       0x28 liblibs.a(bt.c.obj)
                0x10004a60                uart_start
 .text.actuador_init
                0x10004a88       0x14 liblibs.a(actuadores.c.obj)
                0x10004a88                actuador_init
 .text.infrarojo_init
                0x10004a9c       0x14 liblibs.a(infrarrojo.c.obj)
                0x10004a9c                infrarojo_init
 .text          0x10004ab0       0x68 /usr/lib/gcc/arm-none-eabi/8.3.1/../../../arm-none-eabi/lib/thumb/v6-m/nofp/libg.a(lib_a-strlen-stub.o)
                0x10004ab0                strlen
 *(.fini)
 .fini          0x10004b18        0x4 /usr/lib/gcc/arm-none-eabi/8.3.1/thumb/v6-m/nofp/crti.o
                0x10004b18                _fini
 *fill*         0x10004b1c        0x4 
 .fini.__stub   0x10004b20       0x40 linker stubs
 *crtbegin.o(.ctors)
 *crtbegin?.o(.ctors)
 *(EXCLUDE_FILE(*crtend.o *crtend?.o) .ctors)
 *(SORT_BY_NAME(.ctors.*))
 *(.ctors)
 *crtbegin.o(.dtors)
 *crtbegin?.o(.dtors)
 *(EXCLUDE_FILE(*crtend.o *crtend?.o) .dtors)
 *(SORT_BY_NAME(.dtors.*))
 *(.dtors)
 *(.eh_frame*)
 .eh_frame      0x10004b60        0x0 /usr/lib/gcc/arm-none-eabi/8.3.1/thumb/v6-m/nofp/crtbegin.o
                0x10004b60                . = ALIGN (0x4)

.glue_7         0x10004b60        0x0
 .glue_7        0x10004b60        0x0 linker stubs

.glue_7t        0x10004b60        0x0
 .glue_7t       0x10004b60        0x0 linker stubs

.vfp11_veneer   0x10004b60        0x0
 .vfp11_veneer  0x10004b60        0x0 linker stubs

.v4_bx          0x10004b60        0x0
 .v4_bx         0x10004b60        0x0 linker stubs

.iplt           0x10004b60        0x0
 .iplt          0x10004b60        0x0 /usr/lib/gcc/arm-none-eabi/8.3.1/thumb/v6-m/nofp/crtbegin.o

.rodata         0x10004b60      0xfcc
 *(EXCLUDE_FILE(*libm.a: *libc.a:*lib_a-mem*.o *libgcc.a:) .rodata*)
 .rodata.modo_sumo
                0x10004b60       0xa4 CMakeFiles/robot.dir/robot.c.obj
 .rodata.__func__.4858
                0x10004c04       0x1a CMakeFiles/robot.dir/home/juan/pico/pico-sdk/src/rp2_common/hardware_irq/irq.c.obj
 *fill*         0x10004c1e        0x2 
 .rodata.__func__.4872
                0x10004c20        0xc CMakeFiles/robot.dir/home/juan/pico/pico-sdk/src/rp2_common/hardware_irq/irq.c.obj
 .rodata.__func__.4880
                0x10004c2c       0x17 CMakeFiles/robot.dir/home/juan/pico/pico-sdk/src/rp2_common/hardware_irq/irq.c.obj
 *fill*         0x10004c43        0x1 
 .rodata.__func__.4884
                0x10004c44        0xf CMakeFiles/robot.dir/home/juan/pico/pico-sdk/src/rp2_common/hardware_irq/irq.c.obj
 *fill*         0x10004c53        0x1 
 .rodata.__func__.4923
                0x10004c54       0x13 CMakeFiles/robot.dir/home/juan/pico/pico-sdk/src/rp2_common/hardware_irq/irq.c.obj
 *fill*         0x10004c67        0x1 
 .rodata.__func__.4945
                0x10004c68       0x1a CMakeFiles/robot.dir/home/juan/pico/pico-sdk/src/rp2_common/hardware_irq/irq.c.obj
 *fill*         0x10004c82        0x2 
 .rodata.insert_branch_and_link.str1.4
                0x10004c84       0x10 CMakeFiles/robot.dir/home/juan/pico/pico-sdk/src/rp2_common/hardware_irq/irq.c.obj
 .rodata.irq_add_shared_handler.str1.4
                0x10004c94       0xd9 CMakeFiles/robot.dir/home/juan/pico/pico-sdk/src/rp2_common/hardware_irq/irq.c.obj
 *fill*         0x10004d6d        0x3 
 .rodata.irq_add_tail_to_free_list.str1.4
                0x10004d70       0x3a CMakeFiles/robot.dir/home/juan/pico/pico-sdk/src/rp2_common/hardware_irq/irq.c.obj
 *fill*         0x10004daa        0x2 
 .rodata.irq_remove_handler.str1.4
                0x10004dac       0x3a CMakeFiles/robot.dir/home/juan/pico/pico-sdk/src/rp2_common/hardware_irq/irq.c.obj
 *fill*         0x10004de6        0x2 
 .rodata.irq_set_exclusive_handler.str1.4
                0x10004de8       0x36 CMakeFiles/robot.dir/home/juan/pico/pico-sdk/src/rp2_common/hardware_irq/irq.c.obj
 *fill*         0x10004e1e        0x2 
 .rodata.make_branch.str1.4
                0x10004e20       0x6b CMakeFiles/robot.dir/home/juan/pico/pico-sdk/src/rp2_common/hardware_irq/irq.c.obj
 *fill*         0x10004e8b        0x1 
 .rodata.__func__.4773
                0x10004e8c       0x18 CMakeFiles/robot.dir/home/juan/pico/pico-sdk/src/common/pico_sync/mutex.c.obj
 .rodata.__func__.4792
                0x10004ea4        0xb CMakeFiles/robot.dir/home/juan/pico/pico-sdk/src/common/pico_sync/mutex.c.obj
 *fill*         0x10004eaf        0x1 
 .rodata.str1.4
                0x10004eb0       0xe9 CMakeFiles/robot.dir/home/juan/pico/pico-sdk/src/common/pico_sync/mutex.c.obj
 *fill*         0x10004f99        0x3 
 .rodata.__func__.5751
                0x10004f9c       0x15 CMakeFiles/robot.dir/home/juan/pico/pico-sdk/src/common/pico_time/time.c.obj
 *fill*         0x10004fb1        0x3 
 .rodata.__func__.6094
                0x10004fb4        0xc CMakeFiles/robot.dir/home/juan/pico/pico-sdk/src/common/pico_time/time.c.obj
 .rodata.__func__.6101
                0x10004fc0       0x12 CMakeFiles/robot.dir/home/juan/pico/pico-sdk/src/common/pico_time/time.c.obj
 *fill*         0x10004fd2        0x2 
 .rodata.__func__.6117
                0x10004fd4        0xf CMakeFiles/robot.dir/home/juan/pico/pico-sdk/src/common/pico_time/time.c.obj
 *fill*         0x10004fe3        0x1 
 .rodata.__func__.6139
                0x10004fe4        0xd CMakeFiles/robot.dir/home/juan/pico/pico-sdk/src/common/pico_time/time.c.obj
 *fill*         0x10004ff1        0x3 
 .rodata.__func__.6369
                0x10004ff4        0xa CMakeFiles/robot.dir/home/juan/pico/pico-sdk/src/common/pico_time/time.c.obj
 *fill*         0x10004ffe        0x2 
 .rodata.__func__.6374
                0x10005000       0x12 CMakeFiles/robot.dir/home/juan/pico/pico-sdk/src/common/pico_time/time.c.obj
 *fill*         0x10005012        0x2 
 .rodata.__func__.6389
                0x10005014       0x17 CMakeFiles/robot.dir/home/juan/pico/pico-sdk/src/common/pico_time/time.c.obj
 *fill*         0x1000502b        0x1 
 .rodata.__func__.6400
                0x1000502c       0x15 CMakeFiles/robot.dir/home/juan/pico/pico-sdk/src/common/pico_time/time.c.obj
 *fill*         0x10005041        0x3 
 .rodata.__func__.6417
                0x10005044       0x1a CMakeFiles/robot.dir/home/juan/pico/pico-sdk/src/common/pico_time/time.c.obj
 *fill*         0x1000505e        0x2 
 .rodata.__func__.6470
                0x10005060       0x18 CMakeFiles/robot.dir/home/juan/pico/pico-sdk/src/common/pico_time/time.c.obj
 .rodata.add_alarm_under_lock.str1.4
                0x10005078       0x28 CMakeFiles/robot.dir/home/juan/pico/pico-sdk/src/common/pico_time/time.c.obj
                                 0x2b (size before relaxing)
 .rodata.alarm_pool_alarm_callback.str1.4
                0x100050a0       0x98 CMakeFiles/robot.dir/home/juan/pico/pico-sdk/src/common/pico_time/time.c.obj
                                 0xf8 (size before relaxing)
 .rodata.alarm_pool_cancel_alarm.str1.4
                0x10005138       0x27 CMakeFiles/robot.dir/home/juan/pico/pico-sdk/src/common/pico_time/time.c.obj
 *fill*         0x1000515f        0x1 
 .rodata.alarm_pool_get_default.str1.4
                0x10005160       0x21 CMakeFiles/robot.dir/home/juan/pico/pico-sdk/src/common/pico_time/time.c.obj
 *fill*         0x10005181        0x3 
 .rodata.ph_add_child_node.str1.4
                0x10005184       0x92 CMakeFiles/robot.dir/home/juan/pico/pico-sdk/src/common/pico_time/time.c.obj
 *fill*         0x10005216        0x2 
 .rodata.repeating_timer_callback.str1.4
                0x10005218       0x49 CMakeFiles/robot.dir/home/juan/pico/pico-sdk/src/common/pico_time/time.c.obj
 *fill*         0x10005261        0x3 
 .rodata.sleep_until.str1.4
                0x10005264       0x4d CMakeFiles/robot.dir/home/juan/pico/pico-sdk/src/common/pico_time/time.c.obj
 *fill*         0x100052b1        0x3 
 .rodata.timer_pool_entry_comparator.str1.4
                0x100052b4       0x22 CMakeFiles/robot.dir/home/juan/pico/pico-sdk/src/common/pico_time/time.c.obj
 *fill*         0x100052d6        0x2 
 .rodata.__func__.4639
                0x100052d8       0x1a CMakeFiles/robot.dir/home/juan/pico/pico-sdk/src/rp2_common/hardware_timer/timer.c.obj
 *fill*         0x100052f2        0x2 
 .rodata.hardware_alarm_claim.str1.4
                0x100052f4       0x22 CMakeFiles/robot.dir/home/juan/pico/pico-sdk/src/rp2_common/hardware_timer/timer.c.obj
 *fill*         0x10005316        0x2 
 .rodata.hardware_alarm_set_target.str1.4
                0x10005318       0x63 CMakeFiles/robot.dir/home/juan/pico/pico-sdk/src/rp2_common/hardware_timer/timer.c.obj
 *fill*         0x1000537b        0x1 
 .rodata.__func__.5775
                0x1000537c        0xc CMakeFiles/robot.dir/home/juan/pico/pico-sdk/src/common/pico_util/pheap.c.obj
 .rodata.__func__.5782
                0x10005388       0x12 CMakeFiles/robot.dir/home/juan/pico/pico-sdk/src/common/pico_util/pheap.c.obj
 *fill*         0x1000539a        0x2 
 .rodata.__func__.5868
                0x1000539c       0x13 CMakeFiles/robot.dir/home/juan/pico/pico-sdk/src/common/pico_util/pheap.c.obj
 *fill*         0x100053af        0x1 
 .rodata.__func__.5886
                0x100053b0       0x18 CMakeFiles/robot.dir/home/juan/pico/pico-sdk/src/common/pico_util/pheap.c.obj
 .rodata.ph_add_child_node.str1.4
                0x100053c8       0x92 CMakeFiles/robot.dir/home/juan/pico/pico-sdk/src/common/pico_util/pheap.c.obj
 .rodata.ph_remove_and_free_node.str1.4
                0x100053c8       0x1e CMakeFiles/robot.dir/home/juan/pico/pico-sdk/src/common/pico_util/pheap.c.obj
                                 0x26 (size before relaxing)
 *fill*         0x100053e6        0x2 
 .rodata.ph_remove_any_head.str1.4
                0x100053e8       0x8c CMakeFiles/robot.dir/home/juan/pico/pico-sdk/src/common/pico_util/pheap.c.obj
                                 0xa0 (size before relaxing)
 .rodata.__func__.4825
                0x10005474       0x10 CMakeFiles/robot.dir/home/juan/pico/pico-sdk/src/rp2_common/hardware_clocks/clocks.c.obj
 .rodata.clock_configure.str1.4
                0x10005484       0x55 CMakeFiles/robot.dir/home/juan/pico/pico-sdk/src/rp2_common/hardware_clocks/clocks.c.obj
 *fill*         0x100054d9        0x3 
 .rodata.__func__.4482
                0x100054dc        0x9 CMakeFiles/robot.dir/home/juan/pico/pico-sdk/src/rp2_common/hardware_pll/pll.c.obj
 *fill*         0x100054e5        0x3 
 .rodata.pll_init.str1.4
                0x100054e8      0x11f CMakeFiles/robot.dir/home/juan/pico/pico-sdk/src/rp2_common/hardware_pll/pll.c.obj
 *fill*         0x10005607        0x1 
 .rodata.__assert_func.str1.4
                0x10005608       0x3f CMakeFiles/robot.dir/home/juan/pico/pico-sdk/src/rp2_common/pico_runtime/runtime.c.obj
                                 0x43 (size before relaxing)
 *fill*         0x10005647        0x1 
 .rodata.__func__.6435
                0x10005648        0xd CMakeFiles/robot.dir/home/juan/pico/pico-sdk/src/rp2_common/pico_runtime/runtime.c.obj
 *fill*         0x10005655        0x3 
 .rodata.panic.str1.4
                0x10005658       0x12 CMakeFiles/robot.dir/home/juan/pico/pico-sdk/src/rp2_common/pico_runtime/runtime.c.obj
 *fill*         0x1000566a        0x2 
 .rodata.runtime_init.str1.4
                0x1000566c       0x5f CMakeFiles/robot.dir/home/juan/pico/pico-sdk/src/rp2_common/pico_runtime/runtime.c.obj
 *fill*         0x100056cb        0x1 
 .rodata._vsnprintf
                0x100056cc      0x1e0 CMakeFiles/robot.dir/home/juan/pico/pico-sdk/src/rp2_common/pico_printf/printf.c.obj
 .rodata._ftoa.str1.4
                0x100058ac       0x15 CMakeFiles/robot.dir/home/juan/pico/pico-sdk/src/rp2_common/pico_printf/printf.c.obj
 *fill*         0x100058c1        0x7 
 .rodata.pow10.5489
                0x100058c8       0x50 CMakeFiles/robot.dir/home/juan/pico/pico-sdk/src/rp2_common/pico_printf/printf.c.obj
 .rodata.__aeabi_double_init.str1.4
                0x10005918       0xa6 CMakeFiles/robot.dir/home/juan/pico/pico-sdk/src/rp2_common/pico_double/double_init_rom.c.obj
 *fill*         0x100059be        0x2 
 .rodata.__func__.4786
                0x100059c0       0x14 CMakeFiles/robot.dir/home/juan/pico/pico-sdk/src/rp2_common/pico_double/double_init_rom.c.obj
 .rodata.__aeabi_float_init.str1.4
                0x100059d4       0x78 CMakeFiles/robot.dir/home/juan/pico/pico-sdk/src/rp2_common/pico_float/float_init_rom.c.obj
                                 0x7c (size before relaxing)
 .rodata.__func__.4787
                0x10005a4c       0x13 CMakeFiles/robot.dir/home/juan/pico/pico-sdk/src/rp2_common/pico_float/float_init_rom.c.obj
 *fill*         0x10005a5f        0x1 
 .rodata.__bi_44
                0x10005a60        0xc CMakeFiles/robot.dir/home/juan/pico/pico-sdk/src/rp2_common/pico_standard_link/binary_info.c.obj
 .rodata.__bi_56
                0x10005a6c        0xc CMakeFiles/robot.dir/home/juan/pico/pico-sdk/src/rp2_common/pico_standard_link/binary_info.c.obj
 .rodata.__bi_75
                0x10005a78        0xc CMakeFiles/robot.dir/home/juan/pico/pico-sdk/src/rp2_common/pico_standard_link/binary_info.c.obj
 .rodata.__bi_81
                0x10005a84        0xc CMakeFiles/robot.dir/home/juan/pico/pico-sdk/src/rp2_common/pico_standard_link/binary_info.c.obj
 .rodata.str1.4
                0x10005a90       0x40 CMakeFiles/robot.dir/home/juan/pico/pico-sdk/src/rp2_common/pico_standard_link/binary_info.c.obj
 .rodata.__func__.5613
                0x10005ad0       0x15 CMakeFiles/robot.dir/home/juan/pico/pico-sdk/src/rp2_common/pico_stdio/stdio.c.obj
 *fill*         0x10005ae5        0x3 
 .rodata.crlf_str.6283
                0x10005ae8        0x2 CMakeFiles/robot.dir/home/juan/pico/pico-sdk/src/rp2_common/pico_stdio/stdio.c.obj
 .rodata.stdout_serialize_begin.str1.4
                0x10005aea       0x5f CMakeFiles/robot.dir/home/juan/pico/pico-sdk/src/rp2_common/pico_stdio/stdio.c.obj
 *fill*         0x10005aea        0x2 
 .rodata.__bi_33.4932
                0x10005aec        0xc CMakeFiles/robot.dir/home/juan/pico/pico-sdk/src/rp2_common/pico_stdio_uart/stdio_uart.c.obj
 .rodata.__bi_34.4936
                0x10005af8        0x8 CMakeFiles/robot.dir/home/juan/pico/pico-sdk/src/rp2_common/pico_stdio_uart/stdio_uart.c.obj
 .rodata.str1.4
                0x10005b00       0x2c CMakeFiles/robot.dir/home/juan/pico/pico-sdk/src/rp2_common/pico_stdio_uart/stdio_uart.c.obj
                0x10005b2c                . = ALIGN (0x4)
 *(SORT_BY_ALIGNMENT(SORT_BY_NAME(.flashdata*)))
                0x10005b2c                . = ALIGN (0x4)

.rel.dyn        0x10005b2c        0x0
 .rel.iplt      0x10005b2c        0x0 /usr/lib/gcc/arm-none-eabi/8.3.1/thumb/v6-m/nofp/crtbegin.o

.ARM.extab
 *(.ARM.extab* .gnu.linkonce.armextab.*)
                0x10005b2c                __exidx_start = .

.ARM.exidx
 *(.ARM.exidx* .gnu.linkonce.armexidx.*)
                0x10005b2c                __exidx_end = .
                0x10005b2c                . = ALIGN (0x4)
                0x10005b2c                __binary_info_start = .

.binary_info    0x10005b2c       0x28
 *(.binary_info.keep.*)
 .binary_info.keep.__bi_ptr22
                0x10005b2c        0x4 CMakeFiles/robot.dir/home/juan/pico/pico-sdk/src/rp2_common/pico_standard_link/binary_info.c.obj
 .binary_info.keep.__bi_ptr30
                0x10005b30        0x4 CMakeFiles/robot.dir/home/juan/pico/pico-sdk/src/rp2_common/pico_standard_link/binary_info.c.obj
 .binary_info.keep.__bi_ptr38
                0x10005b34        0x4 CMakeFiles/robot.dir/home/juan/pico/pico-sdk/src/rp2_common/pico_standard_link/binary_info.c.obj
 .binary_info.keep.__bi_ptr44
                0x10005b38        0x4 CMakeFiles/robot.dir/home/juan/pico/pico-sdk/src/rp2_common/pico_standard_link/binary_info.c.obj
 .binary_info.keep.__bi_ptr50
                0x10005b3c        0x4 CMakeFiles/robot.dir/home/juan/pico/pico-sdk/src/rp2_common/pico_standard_link/binary_info.c.obj
 .binary_info.keep.__bi_ptr56
                0x10005b40        0x4 CMakeFiles/robot.dir/home/juan/pico/pico-sdk/src/rp2_common/pico_standard_link/binary_info.c.obj
 .binary_info.keep.__bi_ptr75
                0x10005b44        0x4 CMakeFiles/robot.dir/home/juan/pico/pico-sdk/src/rp2_common/pico_standard_link/binary_info.c.obj
 .binary_info.keep.__bi_ptr81
                0x10005b48        0x4 CMakeFiles/robot.dir/home/juan/pico/pico-sdk/src/rp2_common/pico_standard_link/binary_info.c.obj
 *(.binary_info.*)
 .binary_info.__bi_ptr33
                0x10005b4c        0x4 CMakeFiles/robot.dir/home/juan/pico/pico-sdk/src/rp2_common/pico_stdio_uart/stdio_uart.c.obj
 .binary_info.__bi_ptr34
                0x10005b50        0x4 CMakeFiles/robot.dir/home/juan/pico/pico-sdk/src/rp2_common/pico_stdio_uart/stdio_uart.c.obj
                0x10005b54                __binary_info_end = .
                0x10005b54                . = ALIGN (0x4)
                0x10005b54                __etext = .

.ram_vector_table
                0x20000000       0xc0
 *(.ram_vector_table)
 .ram_vector_table
                0x20000000       0xc0 CMakeFiles/robot.dir/home/juan/pico/pico-sdk/src/rp2_common/pico_runtime/runtime.c.obj
                0x20000000                ram_vector_table

.data           0x200000c0      0x244 load address 0x10005b54
                0x200000c0                __data_start__ = .
 *(vtable)
 *(.time_critical*)
 .time_critical.mutex_try_enter
                0x200000c0       0x48 CMakeFiles/robot.dir/home/juan/pico/pico-sdk/src/common/pico_sync/mutex.c.obj
                0x200000c0                mutex_try_enter
 .time_critical.mutex_enter_block_until
                0x20000108       0x7c CMakeFiles/robot.dir/home/juan/pico/pico-sdk/src/common/pico_sync/mutex.c.obj
                0x20000108                mutex_enter_block_until
 .time_critical.mutex_try_enter_block_until
                0x20000184       0x34 CMakeFiles/robot.dir/home/juan/pico/pico-sdk/src/common/pico_sync/mutex.c.obj
                0x20000184                mutex_try_enter_block_until
 .time_critical.mutex_exit
                0x200001b8       0x4c CMakeFiles/robot.dir/home/juan/pico/pico-sdk/src/common/pico_sync/mutex.c.obj
                0x200001b8                mutex_exit
 *(.text*)
 .text          0x20000204        0x4 /usr/lib/gcc/arm-none-eabi/8.3.1/thumb/v6-m/nofp/libgcc.a(_dvmd_tls.o)
                0x20000204                __aeabi_ldiv0
                0x20000204                __aeabi_idiv0
 .text.__stub   0x20000208       0x20 linker stubs
                0x20000228                . = ALIGN (0x4)
 *(.rodata*)
                0x20000228                . = ALIGN (0x4)
 *(.data*)
 .data.motor_derecho
                0x20000228        0x3 CMakeFiles/robot.dir/robot.c.obj
                0x20000228                motor_derecho
 *fill*         0x2000022b        0x1 
 .data.motor_izquierdo
                0x2000022c        0x3 CMakeFiles/robot.dir/robot.c.obj
                0x2000022c                motor_izquierdo
 *fill*         0x2000022f        0x1 
 .data.ultrasonico
                0x20000230        0x2 CMakeFiles/robot.dir/robot.c.obj
                0x20000230                ultrasonico
 .data.striped_spin_lock_num
                0x20000232        0x1 CMakeFiles/robot.dir/home/juan/pico/pico-sdk/src/rp2_common/hardware_sync/sync.c.obj
 *fill*         0x20000233        0x1 
 .data          0x20000234       0x48 CMakeFiles/robot.dir/home/juan/pico/pico-sdk/src/rp2_common/hardware_irq/irq_handler_chain.S.obj
                0x20000234                irq_handler_chain_slots
                0x20000264                irq_handler_chain_first_slot
                0x2000026e                irq_handler_chain_remove_tail
 .data.default_alarm_pool
                0x2000027c       0x18 CMakeFiles/robot.dir/home/juan/pico/pico-sdk/src/common/pico_time/time.c.obj
 .data.default_alarm_pool_heap
                0x20000294       0x10 CMakeFiles/robot.dir/home/juan/pico/pico-sdk/src/common/pico_time/time.c.obj
 *fill*         0x200002a4        0xc 
 .data.aeabi_bits_funcs
                0x200002b0       0x10 CMakeFiles/robot.dir/home/juan/pico/pico-sdk/src/rp2_common/pico_bit_ops/bit_ops_aeabi.S.obj
                0x200002b0                aeabi_bits_funcs
                0x200002c0                aeabi_bits_funcs_end
 .data.aeabi_mem_funcs
                0x200002c0       0x10 CMakeFiles/robot.dir/home/juan/pico/pico-sdk/src/rp2_common/pico_mem_ops/mem_ops_aeabi.S.obj
                0x200002c0                aeabi_mem_funcs
                0x200002d0                aeabi_mem_funcs_end
 .data.stdio_uart
                0x200002d0       0x18 CMakeFiles/robot.dir/home/juan/pico/pico-sdk/src/rp2_common/pico_stdio_uart/stdio_uart.c.obj
                0x200002d0                stdio_uart
                0x200002e8                . = ALIGN (0x4)
 *(.after_data.*)
                0x200002e8                . = ALIGN (0x4)
                0x200002e8                PROVIDE (__mutex_array_start = .)
 *(SORT_BY_NAME(.mutex_array.*))
 *(.mutex_array)
 .mutex_array   0x200002e8        0x8 CMakeFiles/robot.dir/home/juan/pico/pico-sdk/src/rp2_common/pico_stdio/stdio.c.obj
                0x200002f0                PROVIDE (__mutex_array_end = .)
                0x200002f0                . = ALIGN (0x4)
                0x200002f0                PROVIDE (__preinit_array_start = .)
 *(SORT_BY_NAME(.preinit_array.*))
 .preinit_array.00001
                0x200002f0        0x4 CMakeFiles/robot.dir/home/juan/pico/pico-sdk/src/rp2_common/pico_mem_ops/mem_ops_aeabi.S.obj
 .preinit_array.00010
                0x200002f4        0x4 CMakeFiles/robot.dir/home/juan/pico/pico-sdk/src/rp2_common/pico_bit_ops/bit_ops_aeabi.S.obj
 .preinit_array.00020
                0x200002f8        0x4 CMakeFiles/robot.dir/home/juan/pico/pico-sdk/src/rp2_common/pico_double/double_aeabi.S.obj
 .preinit_array.00020
                0x200002fc        0x4 CMakeFiles/robot.dir/home/juan/pico/pico-sdk/src/rp2_common/pico_float/float_aeabi.S.obj
 *(.preinit_array)
                0x20000300                PROVIDE (__preinit_array_end = .)
                0x20000300                . = ALIGN (0x4)
                0x20000300                PROVIDE (__init_array_start = .)
 *(SORT_BY_NAME(.init_array.*))
 *(.init_array)
 .init_array    0x20000300        0x4 /usr/lib/gcc/arm-none-eabi/8.3.1/thumb/v6-m/nofp/crtbegin.o
                0x20000304                PROVIDE (__init_array_end = .)
                0x20000304                . = ALIGN (0x4)
                0x20000304                PROVIDE (__fini_array_start = .)
 *(SORT_BY_NAME(.fini_array.*))
 *(.fini_array)
                0x20000304                PROVIDE (__fini_array_end = .)
 *(.jcr)
                0x20000304                . = ALIGN (0x4)
                0x20000304                __data_end__ = .

.tm_clone_table
                0x20000304        0x0 load address 0x10005d98
 .tm_clone_table
                0x20000304        0x0 /usr/lib/gcc/arm-none-eabi/8.3.1/thumb/v6-m/nofp/crtbegin.o
 .tm_clone_table
                0x20000304        0x0 /usr/lib/gcc/arm-none-eabi/8.3.1/thumb/v6-m/nofp/crtend.o

.igot.plt       0x20000304        0x0 load address 0x10005d98
 .igot.plt      0x20000304        0x0 /usr/lib/gcc/arm-none-eabi/8.3.1/thumb/v6-m/nofp/crtbegin.o

.uninitialized_data
                0x20000304        0x0 load address 0x10005d98
                0x20000304                . = ALIGN (0x4)
 *(.uninitialized_data*)

.scratch_x      0x20040000        0x0 load address 0x10005d98
                0x20040000                __scratch_x_start__ = .
 *(.scratch_x.*)
                0x20040000                . = ALIGN (0x4)
                0x20040000                __scratch_x_end__ = .
                0x10005d98                __scratch_x_source__ = LOADADDR (.scratch_x)

.scratch_y      0x20041000        0x0 load address 0x10005d98
                0x20041000                __scratch_y_start__ = .
 *(.scratch_y.*)
                0x20041000                . = ALIGN (0x4)
                0x20041000                __scratch_y_end__ = .
                0x10005d98                __scratch_y_source__ = LOADADDR (.scratch_y)

.bss            0x20000308      0x3d8
                0x20000308                . = ALIGN (0x4)
                0x20000308                __bss_start__ = .
 *(SORT_BY_ALIGNMENT(SORT_BY_NAME(.bss*)))
 .bss.default_alarm_pool_entries
                0x20000308      0x100 CMakeFiles/robot.dir/home/juan/pico/pico-sdk/src/common/pico_time/time.c.obj
 .bss           0x20000408       0x1c /usr/lib/gcc/arm-none-eabi/8.3.1/thumb/v6-m/nofp/crtbegin.o
 .bss.alarm_callbacks
                0x20000424       0x10 CMakeFiles/robot.dir/home/juan/pico/pico-sdk/src/rp2_common/hardware_timer/timer.c.obj
 .bss.chars_available_callback
                0x20000434        0x4 CMakeFiles/robot.dir/home/juan/pico/pico-sdk/src/rp2_common/pico_stdio_uart/stdio_uart.c.obj
 .bss.chars_available_param
                0x20000438        0x4 CMakeFiles/robot.dir/home/juan/pico/pico-sdk/src/rp2_common/pico_stdio_uart/stdio_uart.c.obj
 .bss.configured_freq
                0x2000043c       0x28 CMakeFiles/robot.dir/home/juan/pico/pico-sdk/src/rp2_common/hardware_clocks/clocks.c.obj
 .bss.default_alarm_pool_entry_ids_high
                0x20000464       0x10 CMakeFiles/robot.dir/home/juan/pico/pico-sdk/src/common/pico_time/time.c.obj
 .bss.default_alarm_pool_heap_nodes
                0x20000474       0x30 CMakeFiles/robot.dir/home/juan/pico/pico-sdk/src/common/pico_time/time.c.obj
 .bss.drivers   0x200004a4        0x4 CMakeFiles/robot.dir/home/juan/pico/pico-sdk/src/rp2_common/pico_stdio/stdio.c.obj
 .bss.filter    0x200004a8        0x4 CMakeFiles/robot.dir/home/juan/pico/pico-sdk/src/rp2_common/pico_stdio/stdio.c.obj
 .bss.pools     0x200004ac       0x10 CMakeFiles/robot.dir/home/juan/pico/pico-sdk/src/common/pico_time/time.c.obj
 .bss.sf_clz_func
                0x200004bc        0x4 CMakeFiles/robot.dir/home/juan/pico/pico-sdk/src/rp2_common/pico_double/double_init_rom.c.obj
                0x200004bc                sf_clz_func
 .bss.sleep_notifier
                0x200004c0        0x4 CMakeFiles/robot.dir/home/juan/pico/pico-sdk/src/common/pico_time/time.c.obj
 .bss.target_hi
                0x200004c4       0x10 CMakeFiles/robot.dir/home/juan/pico/pico-sdk/src/rp2_common/hardware_timer/timer.c.obj
 .bss.uart_instance
                0x200004d4        0x4 CMakeFiles/robot.dir/home/juan/pico/pico-sdk/src/rp2_common/pico_stdio_uart/stdio_uart.c.obj
 .bss.claimed   0x200004d8        0x1 CMakeFiles/robot.dir/home/juan/pico/pico-sdk/src/rp2_common/hardware_timer/timer.c.obj
 .bss.irq_hander_chain_free_slot_head
                0x200004d9        0x1 CMakeFiles/robot.dir/home/juan/pico/pico-sdk/src/rp2_common/hardware_irq/irq.c.obj
 .bss.timer_callbacks_pending
                0x200004da        0x1 CMakeFiles/robot.dir/home/juan/pico/pico-sdk/src/rp2_common/hardware_timer/timer.c.obj
 *(COMMON)
 *fill*         0x200004db        0x1 
 COMMON         0x200004dc        0x4 CMakeFiles/robot.dir/home/juan/pico/pico-sdk/src/rp2_common/hardware_uart/uart.c.obj
                0x200004dc                uart_char_to_line_feed
 COMMON         0x200004e0      0x100 CMakeFiles/robot.dir/home/juan/pico/pico-sdk/src/rp2_common/pico_double/double_init_rom.c.obj
                0x200004e0                sd_table
 COMMON         0x200005e0      0x100 CMakeFiles/robot.dir/home/juan/pico/pico-sdk/src/rp2_common/pico_float/float_init_rom.c.obj
                0x200005e0                sf_table
                0x200006e0                . = ALIGN (0x4)
                0x200006e0                __bss_end__ = .

.heap           0x200006e0      0x800
                0x200006e0                __end__ = .
                0x200006e0                end = __end__
 *(.heap*)
 .heap          0x200006e0      0x800 CMakeFiles/robot.dir/home/juan/pico/pico-sdk/src/rp2_common/pico_standard_link/crt0.S.obj
                0x20000ee0                __HeapLimit = .

.stack1_dummy   0x20040000        0x0
 *(.stack1*)

.stack_dummy    0x20041000      0x800
 *(.stack*)
 .stack         0x20041000      0x800 CMakeFiles/robot.dir/home/juan/pico/pico-sdk/src/rp2_common/pico_standard_link/crt0.S.obj

.flash_end      0x10005d98        0x0
                0x10005d98                __flash_binary_end = .
                0x20040000                __StackLimit = (ORIGIN (RAM) + LENGTH (RAM))
                0x20041000                __StackOneTop = (ORIGIN (SCRATCH_X) + LENGTH (SCRATCH_X))
                0x20042000                __StackTop = (ORIGIN (SCRATCH_Y) + LENGTH (SCRATCH_Y))
                0x20041000                __StackOneBottom = (__StackOneTop - SIZEOF (.stack1_dummy))
                0x20041800                __StackBottom = (__StackTop - SIZEOF (.stack_dummy))
                0x20042000                PROVIDE (__stack = __StackTop)
                0x00000001                ASSERT ((__StackLimit >= __HeapLimit), region RAM overflowed)
                0x00000001                ASSERT (((__binary_info_header_end - __logical_binary_start) <= 0x100), Binary info must be in first 256 bytes of the binary)
LOAD CMakeFiles/robot.dir/robot.c.obj
LOAD CMakeFiles/robot.dir/home/juan/pico/pico-sdk/src/rp2_common/pico_stdlib/stdlib.c.obj
LOAD CMakeFiles/robot.dir/home/juan/pico/pico-sdk/src/rp2_common/hardware_gpio/gpio.c.obj
LOAD CMakeFiles/robot.dir/home/juan/pico/pico-sdk/src/rp2_common/pico_platform/platform.c.obj
LOAD CMakeFiles/robot.dir/home/juan/pico/pico-sdk/src/rp2_common/hardware_claim/claim.c.obj
LOAD CMakeFiles/robot.dir/home/juan/pico/pico-sdk/src/rp2_common/hardware_sync/sync.c.obj
LOAD CMakeFiles/robot.dir/home/juan/pico/pico-sdk/src/rp2_common/hardware_irq/irq.c.obj
LOAD CMakeFiles/robot.dir/home/juan/pico/pico-sdk/src/rp2_common/hardware_irq/irq_handler_chain.S.obj
LOAD CMakeFiles/robot.dir/home/juan/pico/pico-sdk/src/common/pico_sync/sem.c.obj
LOAD CMakeFiles/robot.dir/home/juan/pico/pico-sdk/src/common/pico_sync/lock_core.c.obj
LOAD CMakeFiles/robot.dir/home/juan/pico/pico-sdk/src/common/pico_sync/mutex.c.obj
LOAD CMakeFiles/robot.dir/home/juan/pico/pico-sdk/src/common/pico_sync/critical_section.c.obj
LOAD CMakeFiles/robot.dir/home/juan/pico/pico-sdk/src/common/pico_time/time.c.obj
LOAD CMakeFiles/robot.dir/home/juan/pico/pico-sdk/src/common/pico_time/timeout_helper.c.obj
LOAD CMakeFiles/robot.dir/home/juan/pico/pico-sdk/src/rp2_common/hardware_timer/timer.c.obj
LOAD CMakeFiles/robot.dir/home/juan/pico/pico-sdk/src/common/pico_util/datetime.c.obj
LOAD CMakeFiles/robot.dir/home/juan/pico/pico-sdk/src/common/pico_util/pheap.c.obj
LOAD CMakeFiles/robot.dir/home/juan/pico/pico-sdk/src/common/pico_util/queue.c.obj
LOAD CMakeFiles/robot.dir/home/juan/pico/pico-sdk/src/rp2_common/hardware_uart/uart.c.obj
LOAD CMakeFiles/robot.dir/home/juan/pico/pico-sdk/src/rp2_common/hardware_clocks/clocks.c.obj
LOAD CMakeFiles/robot.dir/home/juan/pico/pico-sdk/src/rp2_common/hardware_pll/pll.c.obj
LOAD CMakeFiles/robot.dir/home/juan/pico/pico-sdk/src/rp2_common/hardware_vreg/vreg.c.obj
LOAD CMakeFiles/robot.dir/home/juan/pico/pico-sdk/src/rp2_common/hardware_watchdog/watchdog.c.obj
LOAD CMakeFiles/robot.dir/home/juan/pico/pico-sdk/src/rp2_common/hardware_xosc/xosc.c.obj
LOAD CMakeFiles/robot.dir/home/juan/pico/pico-sdk/src/rp2_common/hardware_divider/divider.S.obj
LOAD CMakeFiles/robot.dir/home/juan/pico/pico-sdk/src/rp2_common/pico_runtime/runtime.c.obj
LOAD CMakeFiles/robot.dir/home/juan/pico/pico-sdk/src/rp2_common/pico_printf/printf.c.obj
LOAD CMakeFiles/robot.dir/home/juan/pico/pico-sdk/src/rp2_common/pico_bit_ops/bit_ops_aeabi.S.obj
LOAD CMakeFiles/robot.dir/home/juan/pico/pico-sdk/src/rp2_common/pico_bootrom/bootrom.c.obj
LOAD CMakeFiles/robot.dir/home/juan/pico/pico-sdk/src/rp2_common/pico_divider/divider.S.obj
LOAD CMakeFiles/robot.dir/home/juan/pico/pico-sdk/src/rp2_common/pico_double/double_aeabi.S.obj
LOAD CMakeFiles/robot.dir/home/juan/pico/pico-sdk/src/rp2_common/pico_double/double_init_rom.c.obj
LOAD CMakeFiles/robot.dir/home/juan/pico/pico-sdk/src/rp2_common/pico_double/double_math.c.obj
LOAD CMakeFiles/robot.dir/home/juan/pico/pico-sdk/src/rp2_common/pico_double/double_v1_rom_shim.S.obj
LOAD CMakeFiles/robot.dir/home/juan/pico/pico-sdk/src/rp2_common/pico_int64_ops/pico_int64_ops_aeabi.S.obj
LOAD CMakeFiles/robot.dir/home/juan/pico/pico-sdk/src/rp2_common/pico_float/float_aeabi.S.obj
LOAD CMakeFiles/robot.dir/home/juan/pico/pico-sdk/src/rp2_common/pico_float/float_init_rom.c.obj
LOAD CMakeFiles/robot.dir/home/juan/pico/pico-sdk/src/rp2_common/pico_float/float_math.c.obj
LOAD CMakeFiles/robot.dir/home/juan/pico/pico-sdk/src/rp2_common/pico_float/float_v1_rom_shim.S.obj
LOAD CMakeFiles/robot.dir/home/juan/pico/pico-sdk/src/rp2_common/pico_malloc/pico_malloc.c.obj
LOAD CMakeFiles/robot.dir/home/juan/pico/pico-sdk/src/rp2_common/pico_mem_ops/mem_ops_aeabi.S.obj
LOAD CMakeFiles/robot.dir/home/juan/pico/pico-sdk/src/rp2_common/pico_standard_link/crt0.S.obj
LOAD CMakeFiles/robot.dir/home/juan/pico/pico-sdk/src/rp2_common/pico_standard_link/new_delete.cpp.obj
LOAD CMakeFiles/robot.dir/home/juan/pico/pico-sdk/src/rp2_common/pico_standard_link/binary_info.c.obj
LOAD CMakeFiles/robot.dir/home/juan/pico/pico-sdk/src/rp2_common/pico_stdio/stdio.c.obj
LOAD CMakeFiles/robot.dir/home/juan/pico/pico-sdk/src/rp2_common/pico_stdio_uart/stdio_uart.c.obj
LOAD CMakeFiles/robot.dir/home/juan/pico/pico-sdk/src/rp2_common/hardware_adc/adc.c.obj
LOAD liblibs.a
LOAD /tmp/ccs2XHP1.o
LOAD /usr/lib/gcc/arm-none-eabi/8.3.1/../../../arm-none-eabi/lib/thumb/v6-m/nofp/libstdc++.a
LOAD /usr/lib/gcc/arm-none-eabi/8.3.1/../../../arm-none-eabi/lib/thumb/v6-m/nofp/libm.a
START GROUP
LOAD /usr/lib/gcc/arm-none-eabi/8.3.1/thumb/v6-m/nofp/libgcc.a
LOAD /usr/lib/gcc/arm-none-eabi/8.3.1/../../../arm-none-eabi/lib/thumb/v6-m/nofp/libg.a
LOAD /usr/lib/gcc/arm-none-eabi/8.3.1/../../../arm-none-eabi/lib/thumb/v6-m/nofp/libc.a
END GROUP
START GROUP
LOAD /usr/lib/gcc/arm-none-eabi/8.3.1/thumb/v6-m/nofp/libgcc.a
LOAD /usr/lib/gcc/arm-none-eabi/8.3.1/../../../arm-none-eabi/lib/thumb/v6-m/nofp/libc.a
LOAD /usr/lib/gcc/arm-none-eabi/8.3.1/../../../arm-none-eabi/lib/thumb/v6-m/nofp/libnosys.a
END GROUP
LOAD /usr/lib/gcc/arm-none-eabi/8.3.1/thumb/v6-m/nofp/crtend.o
LOAD /usr/lib/gcc/arm-none-eabi/8.3.1/thumb/v6-m/nofp/crtn.o
OUTPUT(robot.elf elf32-littlearm)
LOAD linker stubs

.ARM.attributes
                0x00000000       0x28
 .ARM.attributes
                0x00000000       0x1e /usr/lib/gcc/arm-none-eabi/8.3.1/thumb/v6-m/nofp/crti.o
 .ARM.attributes
                0x0000001e       0x2c /usr/lib/gcc/arm-none-eabi/8.3.1/thumb/v6-m/nofp/crtbegin.o
 .ARM.attributes
                0x0000004a       0x2c CMakeFiles/robot.dir/robot.c.obj
 .ARM.attributes
                0x00000076       0x2c CMakeFiles/robot.dir/home/juan/pico/pico-sdk/src/rp2_common/hardware_gpio/gpio.c.obj
 .ARM.attributes
                0x000000a2       0x2c CMakeFiles/robot.dir/home/juan/pico/pico-sdk/src/rp2_common/pico_platform/platform.c.obj
 .ARM.attributes
                0x000000ce       0x2c CMakeFiles/robot.dir/home/juan/pico/pico-sdk/src/rp2_common/hardware_claim/claim.c.obj
 .ARM.attributes
                0x000000fa       0x2c CMakeFiles/robot.dir/home/juan/pico/pico-sdk/src/rp2_common/hardware_sync/sync.c.obj
 .ARM.attributes
                0x00000126       0x2c CMakeFiles/robot.dir/home/juan/pico/pico-sdk/src/rp2_common/hardware_irq/irq.c.obj
 .ARM.attributes
                0x00000152       0x22 CMakeFiles/robot.dir/home/juan/pico/pico-sdk/src/rp2_common/hardware_irq/irq_handler_chain.S.obj
 .ARM.attributes
                0x00000174       0x2c CMakeFiles/robot.dir/home/juan/pico/pico-sdk/src/common/pico_sync/lock_core.c.obj
 .ARM.attributes
                0x000001a0       0x2c CMakeFiles/robot.dir/home/juan/pico/pico-sdk/src/common/pico_sync/mutex.c.obj
 .ARM.attributes
                0x000001cc       0x2c CMakeFiles/robot.dir/home/juan/pico/pico-sdk/src/common/pico_time/time.c.obj
 .ARM.attributes
                0x000001f8       0x2c CMakeFiles/robot.dir/home/juan/pico/pico-sdk/src/rp2_common/hardware_timer/timer.c.obj
 .ARM.attributes
                0x00000224       0x2c CMakeFiles/robot.dir/home/juan/pico/pico-sdk/src/common/pico_util/pheap.c.obj
 .ARM.attributes
                0x00000250       0x2c CMakeFiles/robot.dir/home/juan/pico/pico-sdk/src/rp2_common/hardware_uart/uart.c.obj
 .ARM.attributes
                0x0000027c       0x2c CMakeFiles/robot.dir/home/juan/pico/pico-sdk/src/rp2_common/hardware_clocks/clocks.c.obj
 .ARM.attributes
                0x000002a8       0x2c CMakeFiles/robot.dir/home/juan/pico/pico-sdk/src/rp2_common/hardware_pll/pll.c.obj
 .ARM.attributes
                0x000002d4       0x2c CMakeFiles/robot.dir/home/juan/pico/pico-sdk/src/rp2_common/hardware_watchdog/watchdog.c.obj
 .ARM.attributes
                0x00000300       0x2c CMakeFiles/robot.dir/home/juan/pico/pico-sdk/src/rp2_common/hardware_xosc/xosc.c.obj
 .ARM.attributes
                0x0000032c       0x2c CMakeFiles/robot.dir/home/juan/pico/pico-sdk/src/rp2_common/pico_runtime/runtime.c.obj
 .ARM.attributes
                0x00000358       0x2c CMakeFiles/robot.dir/home/juan/pico/pico-sdk/src/rp2_common/pico_printf/printf.c.obj
 .ARM.attributes
                0x00000384       0x22 CMakeFiles/robot.dir/home/juan/pico/pico-sdk/src/rp2_common/pico_bit_ops/bit_ops_aeabi.S.obj
 .ARM.attributes
                0x000003a6       0x2c CMakeFiles/robot.dir/home/juan/pico/pico-sdk/src/rp2_common/pico_bootrom/bootrom.c.obj
 .ARM.attributes
                0x000003d2       0x22 CMakeFiles/robot.dir/home/juan/pico/pico-sdk/src/rp2_common/pico_divider/divider.S.obj
 .ARM.attributes
                0x000003f4       0x22 CMakeFiles/robot.dir/home/juan/pico/pico-sdk/src/rp2_common/pico_double/double_aeabi.S.obj
 .ARM.attributes
                0x00000416       0x2c CMakeFiles/robot.dir/home/juan/pico/pico-sdk/src/rp2_common/pico_double/double_init_rom.c.obj
 .ARM.attributes
                0x00000442       0x22 CMakeFiles/robot.dir/home/juan/pico/pico-sdk/src/rp2_common/pico_double/double_v1_rom_shim.S.obj
 .ARM.attributes
                0x00000464       0x22 CMakeFiles/robot.dir/home/juan/pico/pico-sdk/src/rp2_common/pico_int64_ops/pico_int64_ops_aeabi.S.obj
 .ARM.attributes
                0x00000486       0x22 CMakeFiles/robot.dir/home/juan/pico/pico-sdk/src/rp2_common/pico_float/float_aeabi.S.obj
 .ARM.attributes
                0x000004a8       0x2c CMakeFiles/robot.dir/home/juan/pico/pico-sdk/src/rp2_common/pico_float/float_init_rom.c.obj
 .ARM.attributes
                0x000004d4       0x22 CMakeFiles/robot.dir/home/juan/pico/pico-sdk/src/rp2_common/pico_float/float_v1_rom_shim.S.obj
 .ARM.attributes
                0x000004f6       0x22 CMakeFiles/robot.dir/home/juan/pico/pico-sdk/src/rp2_common/pico_mem_ops/mem_ops_aeabi.S.obj
 .ARM.attributes
                0x00000518       0x22 CMakeFiles/robot.dir/home/juan/pico/pico-sdk/src/rp2_common/pico_standard_link/crt0.S.obj
 .ARM.attributes
                0x0000053a       0x32 CMakeFiles/robot.dir/home/juan/pico/pico-sdk/src/rp2_common/pico_standard_link/binary_info.c.obj
 .ARM.attributes
                0x0000056c       0x2c CMakeFiles/robot.dir/home/juan/pico/pico-sdk/src/rp2_common/pico_stdio/stdio.c.obj
 .ARM.attributes
                0x00000598       0x2c CMakeFiles/robot.dir/home/juan/pico/pico-sdk/src/rp2_common/pico_stdio_uart/stdio_uart.c.obj
 .ARM.attributes
                0x000005c4       0x2c liblibs.a(ultrasonico.c.obj)
 .ARM.attributes
                0x000005f0       0x2c liblibs.a(l298.c.obj)
 .ARM.attributes
                0x0000061c       0x2c liblibs.a(bt.c.obj)
 .ARM.attributes
                0x00000648       0x2c liblibs.a(actuadores.c.obj)
 .ARM.attributes
                0x00000674       0x2c liblibs.a(infrarrojo.c.obj)
 .ARM.attributes
                0x000006a0       0x22 /tmp/ccs2XHP1.o
 .ARM.attributes
                0x000006c2       0x1e /usr/lib/gcc/arm-none-eabi/8.3.1/thumb/v6-m/nofp/libgcc.a(_dvmd_tls.o)
 .ARM.attributes
                0x000006e0       0x2c /usr/lib/gcc/arm-none-eabi/8.3.1/../../../arm-none-eabi/lib/thumb/v6-m/nofp/libg.a(lib_a-strlen-stub.o)
 .ARM.attributes
                0x0000070c       0x2c /usr/lib/gcc/arm-none-eabi/8.3.1/thumb/v6-m/nofp/crtend.o

.comment        0x00000000       0x9f
 .comment       0x00000000       0x51 /usr/lib/gcc/arm-none-eabi/8.3.1/thumb/v6-m/nofp/crtbegin.o
                                 0x52 (size before relaxing)
 .comment       0x00000051       0x52 CMakeFiles/robot.dir/robot.c.obj
 .comment       0x00000051       0x52 CMakeFiles/robot.dir/home/juan/pico/pico-sdk/src/rp2_common/hardware_gpio/gpio.c.obj
 .comment       0x00000051       0x52 CMakeFiles/robot.dir/home/juan/pico/pico-sdk/src/rp2_common/pico_platform/platform.c.obj
 .comment       0x00000051       0x52 CMakeFiles/robot.dir/home/juan/pico/pico-sdk/src/rp2_common/hardware_claim/claim.c.obj
 .comment       0x00000051       0x52 CMakeFiles/robot.dir/home/juan/pico/pico-sdk/src/rp2_common/hardware_sync/sync.c.obj
 .comment       0x00000051       0x52 CMakeFiles/robot.dir/home/juan/pico/pico-sdk/src/rp2_common/hardware_irq/irq.c.obj
 .comment       0x00000051       0x52 CMakeFiles/robot.dir/home/juan/pico/pico-sdk/src/common/pico_sync/lock_core.c.obj
 .comment       0x00000051       0x52 CMakeFiles/robot.dir/home/juan/pico/pico-sdk/src/common/pico_sync/mutex.c.obj
 .comment       0x00000051       0x52 CMakeFiles/robot.dir/home/juan/pico/pico-sdk/src/common/pico_time/time.c.obj
 .comment       0x00000051       0x52 CMakeFiles/robot.dir/home/juan/pico/pico-sdk/src/rp2_common/hardware_timer/timer.c.obj
 .comment       0x00000051       0x52 CMakeFiles/robot.dir/home/juan/pico/pico-sdk/src/common/pico_util/pheap.c.obj
 .comment       0x00000051       0x52 CMakeFiles/robot.dir/home/juan/pico/pico-sdk/src/rp2_common/hardware_uart/uart.c.obj
 .comment       0x00000051       0x52 CMakeFiles/robot.dir/home/juan/pico/pico-sdk/src/rp2_common/hardware_clocks/clocks.c.obj
 .comment       0x00000051       0x52 CMakeFiles/robot.dir/home/juan/pico/pico-sdk/src/rp2_common/hardware_pll/pll.c.obj
 .comment       0x00000051       0x52 CMakeFiles/robot.dir/home/juan/pico/pico-sdk/src/rp2_common/hardware_watchdog/watchdog.c.obj
 .comment       0x00000051       0x52 CMakeFiles/robot.dir/home/juan/pico/pico-sdk/src/rp2_common/hardware_xosc/xosc.c.obj
 .comment       0x00000051       0x52 CMakeFiles/robot.dir/home/juan/pico/pico-sdk/src/rp2_common/pico_runtime/runtime.c.obj
 .comment       0x00000051       0x52 CMakeFiles/robot.dir/home/juan/pico/pico-sdk/src/rp2_common/pico_printf/printf.c.obj
 .comment       0x00000051       0x52 CMakeFiles/robot.dir/home/juan/pico/pico-sdk/src/rp2_common/pico_bootrom/bootrom.c.obj
 .comment       0x00000051       0x52 CMakeFiles/robot.dir/home/juan/pico/pico-sdk/src/rp2_common/pico_double/double_init_rom.c.obj
 .comment       0x00000051       0x52 CMakeFiles/robot.dir/home/juan/pico/pico-sdk/src/rp2_common/pico_float/float_init_rom.c.obj
 .comment       0x00000051       0x52 CMakeFiles/robot.dir/home/juan/pico/pico-sdk/src/rp2_common/pico_standard_link/binary_info.c.obj
 .comment       0x00000051       0x52 CMakeFiles/robot.dir/home/juan/pico/pico-sdk/src/rp2_common/pico_stdio/stdio.c.obj
 .comment       0x00000051       0x52 CMakeFiles/robot.dir/home/juan/pico/pico-sdk/src/rp2_common/pico_stdio_uart/stdio_uart.c.obj
 .comment       0x00000051       0x52 liblibs.a(ultrasonico.c.obj)
 .comment       0x00000051       0x52 liblibs.a(l298.c.obj)
 .comment       0x00000051       0x52 liblibs.a(bt.c.obj)
 .comment       0x00000051       0x52 liblibs.a(actuadores.c.obj)
 .comment       0x00000051       0x52 liblibs.a(infrarrojo.c.obj)
 .comment       0x00000051       0x4e /usr/lib/gcc/arm-none-eabi/8.3.1/../../../arm-none-eabi/lib/thumb/v6-m/nofp/libg.a(lib_a-strlen-stub.o)
                                 0x4f (size before relaxing)
 .comment       0x0000009f       0x52 /usr/lib/gcc/arm-none-eabi/8.3.1/thumb/v6-m/nofp/crtend.o

.debug_info     0x00000000    0x1f811
 .debug_info    0x00000000     0x1b60 CMakeFiles/robot.dir/robot.c.obj
 .debug_info    0x00001b60     0x16a6 CMakeFiles/robot.dir/home/juan/pico/pico-sdk/src/rp2_common/hardware_gpio/gpio.c.obj
 .debug_info    0x00003206      0x1cb CMakeFiles/robot.dir/home/juan/pico/pico-sdk/src/rp2_common/pico_platform/platform.c.obj
 .debug_info    0x000033d1      0x6a8 CMakeFiles/robot.dir/home/juan/pico/pico-sdk/src/rp2_common/hardware_claim/claim.c.obj
 .debug_info    0x00003a79      0x591 CMakeFiles/robot.dir/home/juan/pico/pico-sdk/src/rp2_common/hardware_sync/sync.c.obj
 .debug_info    0x0000400a     0x1cf8 CMakeFiles/robot.dir/home/juan/pico/pico-sdk/src/rp2_common/hardware_irq/irq.c.obj
 .debug_info    0x00005d02       0x26 CMakeFiles/robot.dir/home/juan/pico/pico-sdk/src/rp2_common/hardware_irq/irq_handler_chain.S.obj
 .debug_info    0x00005d28      0x1ed CMakeFiles/robot.dir/home/juan/pico/pico-sdk/src/common/pico_sync/lock_core.c.obj
 .debug_info    0x00005f15     0x20e6 CMakeFiles/robot.dir/home/juan/pico/pico-sdk/src/common/pico_sync/mutex.c.obj
 .debug_info    0x00007ffb     0x493d CMakeFiles/robot.dir/home/juan/pico/pico-sdk/src/common/pico_time/time.c.obj
 .debug_info    0x0000c938     0x13aa CMakeFiles/robot.dir/home/juan/pico/pico-sdk/src/rp2_common/hardware_timer/timer.c.obj
 .debug_info    0x0000dce2     0x1ada CMakeFiles/robot.dir/home/juan/pico/pico-sdk/src/common/pico_util/pheap.c.obj
 .debug_info    0x0000f7bc      0xb37 CMakeFiles/robot.dir/home/juan/pico/pico-sdk/src/rp2_common/hardware_uart/uart.c.obj
 .debug_info    0x000102f3      0xf07 CMakeFiles/robot.dir/home/juan/pico/pico-sdk/src/rp2_common/hardware_clocks/clocks.c.obj
 .debug_info    0x000111fa      0x4e8 CMakeFiles/robot.dir/home/juan/pico/pico-sdk/src/rp2_common/hardware_pll/pll.c.obj
 .debug_info    0x000116e2      0xd7d CMakeFiles/robot.dir/home/juan/pico/pico-sdk/src/rp2_common/hardware_watchdog/watchdog.c.obj
 .debug_info    0x0001245f      0x1b8 CMakeFiles/robot.dir/home/juan/pico/pico-sdk/src/rp2_common/hardware_xosc/xosc.c.obj
 .debug_info    0x00012617     0x18fe CMakeFiles/robot.dir/home/juan/pico/pico-sdk/src/rp2_common/pico_runtime/runtime.c.obj
 .debug_info    0x00013f15     0x2032 CMakeFiles/robot.dir/home/juan/pico/pico-sdk/src/rp2_common/pico_printf/printf.c.obj
 .debug_info    0x00015f47       0x22 CMakeFiles/robot.dir/home/juan/pico/pico-sdk/src/rp2_common/pico_bit_ops/bit_ops_aeabi.S.obj
 .debug_info    0x00015f69      0x262 CMakeFiles/robot.dir/home/juan/pico/pico-sdk/src/rp2_common/pico_bootrom/bootrom.c.obj
 .debug_info    0x000161cb       0x22 CMakeFiles/robot.dir/home/juan/pico/pico-sdk/src/rp2_common/pico_divider/divider.S.obj
 .debug_info    0x000161ed       0x22 CMakeFiles/robot.dir/home/juan/pico/pico-sdk/src/rp2_common/pico_double/double_aeabi.S.obj
 .debug_info    0x0001620f      0xb2a CMakeFiles/robot.dir/home/juan/pico/pico-sdk/src/rp2_common/pico_double/double_init_rom.c.obj
 .debug_info    0x00016d39       0x22 CMakeFiles/robot.dir/home/juan/pico/pico-sdk/src/rp2_common/pico_double/double_v1_rom_shim.S.obj
 .debug_info    0x00016d5b       0x26 CMakeFiles/robot.dir/home/juan/pico/pico-sdk/src/rp2_common/pico_int64_ops/pico_int64_ops_aeabi.S.obj
 .debug_info    0x00016d81       0x22 CMakeFiles/robot.dir/home/juan/pico/pico-sdk/src/rp2_common/pico_float/float_aeabi.S.obj
 .debug_info    0x00016da3      0xb44 CMakeFiles/robot.dir/home/juan/pico/pico-sdk/src/rp2_common/pico_float/float_init_rom.c.obj
 .debug_info    0x000178e7       0x22 CMakeFiles/robot.dir/home/juan/pico/pico-sdk/src/rp2_common/pico_float/float_v1_rom_shim.S.obj
 .debug_info    0x00017909       0x22 CMakeFiles/robot.dir/home/juan/pico/pico-sdk/src/rp2_common/pico_mem_ops/mem_ops_aeabi.S.obj
 .debug_info    0x0001792b       0x22 CMakeFiles/robot.dir/home/juan/pico/pico-sdk/src/rp2_common/pico_standard_link/crt0.S.obj
 .debug_info    0x0001794d      0x2f7 CMakeFiles/robot.dir/home/juan/pico/pico-sdk/src/rp2_common/pico_standard_link/binary_info.c.obj
 .debug_info    0x00017c44     0x20d6 CMakeFiles/robot.dir/home/juan/pico/pico-sdk/src/rp2_common/pico_stdio/stdio.c.obj
 .debug_info    0x00019d1a     0x101a CMakeFiles/robot.dir/home/juan/pico/pico-sdk/src/rp2_common/pico_stdio_uart/stdio_uart.c.obj
 .debug_info    0x0001ad34     0x1327 liblibs.a(ultrasonico.c.obj)
 .debug_info    0x0001c05b     0x1a97 liblibs.a(l298.c.obj)
 .debug_info    0x0001daf2      0x317 liblibs.a(bt.c.obj)
 .debug_info    0x0001de09      0xb7e liblibs.a(actuadores.c.obj)
 .debug_info    0x0001e987      0x4f1 liblibs.a(infrarrojo.c.obj)
 .debug_info    0x0001ee78       0x26 /usr/lib/gcc/arm-none-eabi/8.3.1/thumb/v6-m/nofp/libgcc.a(_dvmd_tls.o)
 .debug_info    0x0001ee9e      0x973 /usr/lib/gcc/arm-none-eabi/8.3.1/../../../arm-none-eabi/lib/thumb/v6-m/nofp/libg.a(lib_a-strlen-stub.o)

.debug_abbrev   0x00000000     0x5cba
 .debug_abbrev  0x00000000      0x439 CMakeFiles/robot.dir/robot.c.obj
 .debug_abbrev  0x00000439      0x342 CMakeFiles/robot.dir/home/juan/pico/pico-sdk/src/rp2_common/hardware_gpio/gpio.c.obj
 .debug_abbrev  0x0000077b       0xeb CMakeFiles/robot.dir/home/juan/pico/pico-sdk/src/rp2_common/pico_platform/platform.c.obj
 .debug_abbrev  0x00000866      0x2fb CMakeFiles/robot.dir/home/juan/pico/pico-sdk/src/rp2_common/hardware_claim/claim.c.obj
 .debug_abbrev  0x00000b61      0x224 CMakeFiles/robot.dir/home/juan/pico/pico-sdk/src/rp2_common/hardware_sync/sync.c.obj
 .debug_abbrev  0x00000d85      0x4ff CMakeFiles/robot.dir/home/juan/pico/pico-sdk/src/rp2_common/hardware_irq/irq.c.obj
 .debug_abbrev  0x00001284       0x14 CMakeFiles/robot.dir/home/juan/pico/pico-sdk/src/rp2_common/hardware_irq/irq_handler_chain.S.obj
 .debug_abbrev  0x00001298      0x141 CMakeFiles/robot.dir/home/juan/pico/pico-sdk/src/common/pico_sync/lock_core.c.obj
 .debug_abbrev  0x000013d9      0x3b3 CMakeFiles/robot.dir/home/juan/pico/pico-sdk/src/common/pico_sync/mutex.c.obj
 .debug_abbrev  0x0000178c      0x65e CMakeFiles/robot.dir/home/juan/pico/pico-sdk/src/common/pico_time/time.c.obj
 .debug_abbrev  0x00001dea      0x3c7 CMakeFiles/robot.dir/home/juan/pico/pico-sdk/src/rp2_common/hardware_timer/timer.c.obj
 .debug_abbrev  0x000021b1      0x3ad CMakeFiles/robot.dir/home/juan/pico/pico-sdk/src/common/pico_util/pheap.c.obj
 .debug_abbrev  0x0000255e      0x2e1 CMakeFiles/robot.dir/home/juan/pico/pico-sdk/src/rp2_common/hardware_uart/uart.c.obj
 .debug_abbrev  0x0000283f      0x3c8 CMakeFiles/robot.dir/home/juan/pico/pico-sdk/src/rp2_common/hardware_clocks/clocks.c.obj
 .debug_abbrev  0x00002c07      0x1ee CMakeFiles/robot.dir/home/juan/pico/pico-sdk/src/rp2_common/hardware_pll/pll.c.obj
 .debug_abbrev  0x00002df5      0x2d8 CMakeFiles/robot.dir/home/juan/pico/pico-sdk/src/rp2_common/hardware_watchdog/watchdog.c.obj
 .debug_abbrev  0x000030cd      0x106 CMakeFiles/robot.dir/home/juan/pico/pico-sdk/src/rp2_common/hardware_xosc/xosc.c.obj
 .debug_abbrev  0x000031d3      0x5cb CMakeFiles/robot.dir/home/juan/pico/pico-sdk/src/rp2_common/pico_runtime/runtime.c.obj
 .debug_abbrev  0x0000379e      0x4aa CMakeFiles/robot.dir/home/juan/pico/pico-sdk/src/rp2_common/pico_printf/printf.c.obj
 .debug_abbrev  0x00003c48       0x12 CMakeFiles/robot.dir/home/juan/pico/pico-sdk/src/rp2_common/pico_bit_ops/bit_ops_aeabi.S.obj
 .debug_abbrev  0x00003c5a      0x144 CMakeFiles/robot.dir/home/juan/pico/pico-sdk/src/rp2_common/pico_bootrom/bootrom.c.obj
 .debug_abbrev  0x00003d9e       0x12 CMakeFiles/robot.dir/home/juan/pico/pico-sdk/src/rp2_common/pico_divider/divider.S.obj
 .debug_abbrev  0x00003db0       0x12 CMakeFiles/robot.dir/home/juan/pico/pico-sdk/src/rp2_common/pico_double/double_aeabi.S.obj
 .debug_abbrev  0x00003dc2      0x2c2 CMakeFiles/robot.dir/home/juan/pico/pico-sdk/src/rp2_common/pico_double/double_init_rom.c.obj
 .debug_abbrev  0x00004084       0x12 CMakeFiles/robot.dir/home/juan/pico/pico-sdk/src/rp2_common/pico_double/double_v1_rom_shim.S.obj
 .debug_abbrev  0x00004096       0x14 CMakeFiles/robot.dir/home/juan/pico/pico-sdk/src/rp2_common/pico_int64_ops/pico_int64_ops_aeabi.S.obj
 .debug_abbrev  0x000040aa       0x12 CMakeFiles/robot.dir/home/juan/pico/pico-sdk/src/rp2_common/pico_float/float_aeabi.S.obj
 .debug_abbrev  0x000040bc      0x2d5 CMakeFiles/robot.dir/home/juan/pico/pico-sdk/src/rp2_common/pico_float/float_init_rom.c.obj
 .debug_abbrev  0x00004391       0x12 CMakeFiles/robot.dir/home/juan/pico/pico-sdk/src/rp2_common/pico_float/float_v1_rom_shim.S.obj
 .debug_abbrev  0x000043a3       0x12 CMakeFiles/robot.dir/home/juan/pico/pico-sdk/src/rp2_common/pico_mem_ops/mem_ops_aeabi.S.obj
 .debug_abbrev  0x000043b5       0x12 CMakeFiles/robot.dir/home/juan/pico/pico-sdk/src/rp2_common/pico_standard_link/crt0.S.obj
 .debug_abbrev  0x000043c7       0xad CMakeFiles/robot.dir/home/juan/pico/pico-sdk/src/rp2_common/pico_standard_link/binary_info.c.obj
 .debug_abbrev  0x00004474      0x581 CMakeFiles/robot.dir/home/juan/pico/pico-sdk/src/rp2_common/pico_stdio/stdio.c.obj
 .debug_abbrev  0x000049f5      0x411 CMakeFiles/robot.dir/home/juan/pico/pico-sdk/src/rp2_common/pico_stdio_uart/stdio_uart.c.obj
 .debug_abbrev  0x00004e06      0x3de liblibs.a(ultrasonico.c.obj)
 .debug_abbrev  0x000051e4      0x338 liblibs.a(l298.c.obj)
 .debug_abbrev  0x0000551c      0x12b liblibs.a(bt.c.obj)
 .debug_abbrev  0x00005647      0x2ac liblibs.a(actuadores.c.obj)
 .debug_abbrev  0x000058f3      0x1cb liblibs.a(infrarrojo.c.obj)
 .debug_abbrev  0x00005abe       0x14 /usr/lib/gcc/arm-none-eabi/8.3.1/thumb/v6-m/nofp/libgcc.a(_dvmd_tls.o)
 .debug_abbrev  0x00005ad2      0x1e8 /usr/lib/gcc/arm-none-eabi/8.3.1/../../../arm-none-eabi/lib/thumb/v6-m/nofp/libg.a(lib_a-strlen-stub.o)

.debug_loc      0x00000000    0x10315
 .debug_loc     0x00000000      0x60c CMakeFiles/robot.dir/robot.c.obj
 .debug_loc     0x0000060c     0x1160 CMakeFiles/robot.dir/home/juan/pico/pico-sdk/src/rp2_common/hardware_gpio/gpio.c.obj
 .debug_loc     0x0000176c       0xe9 CMakeFiles/robot.dir/home/juan/pico/pico-sdk/src/rp2_common/pico_platform/platform.c.obj
 .debug_loc     0x00001855      0x43d CMakeFiles/robot.dir/home/juan/pico/pico-sdk/src/rp2_common/hardware_claim/claim.c.obj
 .debug_loc     0x00001c92      0x233 CMakeFiles/robot.dir/home/juan/pico/pico-sdk/src/rp2_common/hardware_sync/sync.c.obj
 .debug_loc     0x00001ec5     0x1463 CMakeFiles/robot.dir/home/juan/pico/pico-sdk/src/rp2_common/hardware_irq/irq.c.obj
 .debug_loc     0x00003328       0x60 CMakeFiles/robot.dir/home/juan/pico/pico-sdk/src/common/pico_sync/lock_core.c.obj
 .debug_loc     0x00003388     0x159f CMakeFiles/robot.dir/home/juan/pico/pico-sdk/src/common/pico_sync/mutex.c.obj
 .debug_loc     0x00004927     0x328a CMakeFiles/robot.dir/home/juan/pico/pico-sdk/src/common/pico_time/time.c.obj
 .debug_loc     0x00007bb1      0xa7c CMakeFiles/robot.dir/home/juan/pico/pico-sdk/src/rp2_common/hardware_timer/timer.c.obj
 .debug_loc     0x0000862d     0x14bf CMakeFiles/robot.dir/home/juan/pico/pico-sdk/src/common/pico_util/pheap.c.obj
 .debug_loc     0x00009aec      0x520 CMakeFiles/robot.dir/home/juan/pico/pico-sdk/src/rp2_common/hardware_uart/uart.c.obj
 .debug_loc     0x0000a00c      0x79a CMakeFiles/robot.dir/home/juan/pico/pico-sdk/src/rp2_common/hardware_clocks/clocks.c.obj
 .debug_loc     0x0000a7a6      0x2f5 CMakeFiles/robot.dir/home/juan/pico/pico-sdk/src/rp2_common/hardware_pll/pll.c.obj
 .debug_loc     0x0000aa9b      0x2a0 CMakeFiles/robot.dir/home/juan/pico/pico-sdk/src/rp2_common/hardware_watchdog/watchdog.c.obj
 .debug_loc     0x0000ad3b       0x3d CMakeFiles/robot.dir/home/juan/pico/pico-sdk/src/rp2_common/hardware_xosc/xosc.c.obj
 .debug_loc     0x0000ad78      0x5f2 CMakeFiles/robot.dir/home/juan/pico/pico-sdk/src/rp2_common/pico_runtime/runtime.c.obj
 .debug_loc     0x0000b36a     0x1fee CMakeFiles/robot.dir/home/juan/pico/pico-sdk/src/rp2_common/pico_printf/printf.c.obj
 .debug_loc     0x0000d358      0x1a1 CMakeFiles/robot.dir/home/juan/pico/pico-sdk/src/rp2_common/pico_bootrom/bootrom.c.obj
 .debug_loc     0x0000d4f9       0x59 CMakeFiles/robot.dir/home/juan/pico/pico-sdk/src/rp2_common/pico_double/double_init_rom.c.obj
 .debug_loc     0x0000d552       0x73 CMakeFiles/robot.dir/home/juan/pico/pico-sdk/src/rp2_common/pico_float/float_init_rom.c.obj
 .debug_loc     0x0000d5c5      0xde6 CMakeFiles/robot.dir/home/juan/pico/pico-sdk/src/rp2_common/pico_stdio/stdio.c.obj
 .debug_loc     0x0000e3ab      0x84d CMakeFiles/robot.dir/home/juan/pico/pico-sdk/src/rp2_common/pico_stdio_uart/stdio_uart.c.obj
 .debug_loc     0x0000ebf8      0x26b liblibs.a(ultrasonico.c.obj)
 .debug_loc     0x0000ee63     0x10b8 liblibs.a(l298.c.obj)
 .debug_loc     0x0000ff1b       0x4a liblibs.a(bt.c.obj)
 .debug_loc     0x0000ff65      0x259 liblibs.a(actuadores.c.obj)
 .debug_loc     0x000101be       0xb4 liblibs.a(infrarrojo.c.obj)
 .debug_loc     0x00010272       0xa3 /usr/lib/gcc/arm-none-eabi/8.3.1/../../../arm-none-eabi/lib/thumb/v6-m/nofp/libg.a(lib_a-strlen-stub.o)

.debug_aranges  0x00000000     0x1018
 .debug_aranges
                0x00000000       0x40 CMakeFiles/robot.dir/robot.c.obj
 .debug_aranges
                0x00000040      0x100 CMakeFiles/robot.dir/home/juan/pico/pico-sdk/src/rp2_common/hardware_gpio/gpio.c.obj
 .debug_aranges
                0x00000140       0x28 CMakeFiles/robot.dir/home/juan/pico/pico-sdk/src/rp2_common/pico_platform/platform.c.obj
 .debug_aranges
                0x00000168       0x48 CMakeFiles/robot.dir/home/juan/pico/pico-sdk/src/rp2_common/hardware_claim/claim.c.obj
 .debug_aranges
                0x000001b0       0x58 CMakeFiles/robot.dir/home/juan/pico/pico-sdk/src/rp2_common/hardware_sync/sync.c.obj
 .debug_aranges
                0x00000208       0xc8 CMakeFiles/robot.dir/home/juan/pico/pico-sdk/src/rp2_common/hardware_irq/irq.c.obj
 .debug_aranges
                0x000002d0       0x20 CMakeFiles/robot.dir/home/juan/pico/pico-sdk/src/rp2_common/hardware_irq/irq_handler_chain.S.obj
 .debug_aranges
                0x000002f0       0x20 CMakeFiles/robot.dir/home/juan/pico/pico-sdk/src/common/pico_sync/lock_core.c.obj
 .debug_aranges
                0x00000310       0x90 CMakeFiles/robot.dir/home/juan/pico/pico-sdk/src/common/pico_sync/mutex.c.obj
 .debug_aranges
                0x000003a0       0xe8 CMakeFiles/robot.dir/home/juan/pico/pico-sdk/src/common/pico_time/time.c.obj
 .debug_aranges
                0x00000488       0x88 CMakeFiles/robot.dir/home/juan/pico/pico-sdk/src/rp2_common/hardware_timer/timer.c.obj
 .debug_aranges
                0x00000510       0x78 CMakeFiles/robot.dir/home/juan/pico/pico-sdk/src/common/pico_util/pheap.c.obj
 .debug_aranges
                0x00000588       0x40 CMakeFiles/robot.dir/home/juan/pico/pico-sdk/src/rp2_common/hardware_uart/uart.c.obj
 .debug_aranges
                0x000005c8       0x70 CMakeFiles/robot.dir/home/juan/pico/pico-sdk/src/rp2_common/hardware_clocks/clocks.c.obj
 .debug_aranges
                0x00000638       0x28 CMakeFiles/robot.dir/home/juan/pico/pico-sdk/src/rp2_common/hardware_pll/pll.c.obj
 .debug_aranges
                0x00000660       0x58 CMakeFiles/robot.dir/home/juan/pico/pico-sdk/src/rp2_common/hardware_watchdog/watchdog.c.obj
 .debug_aranges
                0x000006b8       0x30 CMakeFiles/robot.dir/home/juan/pico/pico-sdk/src/rp2_common/hardware_xosc/xosc.c.obj
 .debug_aranges
                0x000006e8       0x88 CMakeFiles/robot.dir/home/juan/pico/pico-sdk/src/rp2_common/pico_runtime/runtime.c.obj
 .debug_aranges
                0x00000770       0x90 CMakeFiles/robot.dir/home/juan/pico/pico-sdk/src/rp2_common/pico_printf/printf.c.obj
 .debug_aranges
                0x00000800       0x68 CMakeFiles/robot.dir/home/juan/pico/pico-sdk/src/rp2_common/pico_bit_ops/bit_ops_aeabi.S.obj
 .debug_aranges
                0x00000868       0x30 CMakeFiles/robot.dir/home/juan/pico/pico-sdk/src/rp2_common/pico_bootrom/bootrom.c.obj
 .debug_aranges
                0x00000898       0x40 CMakeFiles/robot.dir/home/juan/pico/pico-sdk/src/rp2_common/pico_divider/divider.S.obj
 .debug_aranges
                0x000008d8      0x140 CMakeFiles/robot.dir/home/juan/pico/pico-sdk/src/rp2_common/pico_double/double_aeabi.S.obj
 .debug_aranges
                0x00000a18       0x20 CMakeFiles/robot.dir/home/juan/pico/pico-sdk/src/rp2_common/pico_double/double_init_rom.c.obj
 .debug_aranges
                0x00000a38       0xc8 CMakeFiles/robot.dir/home/juan/pico/pico-sdk/src/rp2_common/pico_double/double_v1_rom_shim.S.obj
 .debug_aranges